Component: ARM Compiler 5.06 update 5 (build 528) Tool: armlink [4d35e2]

==============================================================================

Section Cross References

    main.o(i.ReceiveTemp) refers to tasks.o(i.xTaskGetTickCount) for xTaskGetTickCount
    main.o(i.ReceiveTemp) refers to uart.o(i.UART0_Read) for UART0_Read
    main.o(i.ReceiveTemp) refers to main.o(i.toString) for toString
    main.o(i.ReceiveTemp) refers to lcd_displaystringrowcolumn.o(i.LCD_displayStringRowColumn) for LCD_displayStringRowColumn
    main.o(i.ReceiveTemp) refers to tasks.o(i.vTaskDelayUntil) for vTaskDelayUntil
    main.o(i.blink_led) refers to tasks.o(i.xTaskGetTickCount) for xTaskGetTickCount
    main.o(i.blink_led) refers to tasks.o(i.vTaskDelayUntil) for vTaskDelayUntil
    main.o(i.intToString) refers to _printf_percent.o(.ARM.Collect$$_printf_percent$$00000000) for _printf_percent
    main.o(i.intToString) refers to _printf_d.o(.ARM.Collect$$_printf_percent$$00000009) for _printf_d
    main.o(i.intToString) refers to _printf_dec.o(.text) for _printf_int_dec
    main.o(i.intToString) refers to noretval__2sprintf.o(.text) for __2sprintf
    main.o(i.main) refers to port_init.o(i.Port_Init) for Port_Init
    main.o(i.main) refers to port_setpindirection.o(i.Port_SetPinDirection) for Port_SetPinDirection
    main.o(i.main) refers to port_setpinpullup.o(i.Port_SetPinPullUp) for Port_SetPinPullUp
    main.o(i.main) refers to main.o(i.RGBLED_Init) for RGBLED_Init
    main.o(i.main) refers to pll.o(i.PLL_Init) for PLL_Init
    main.o(i.main) refers to uart.o(i.UART0_Init) for UART0_Init
    main.o(i.main) refers to adc.o(i.ADC0_Init) for ADC0_Init
    main.o(i.main) refers to systick_init.o(i.systick_init) for systick_init
    main.o(i.main) refers to lcd_init.o(i.LCD_init) for LCD_init
    main.o(i.main) refers to lcd_clearscreen.o(i.LCD_clearScreen) for LCD_clearScreen
    main.o(i.main) refers to tasks.o(i.xTaskCreate) for xTaskCreate
    main.o(i.main) refers to tasks.o(i.vTaskStartScheduler) for vTaskStartScheduler
    main.o(i.main) refers to main.o(i.sendBut1Reading) for sendBut1Reading
    main.o(i.main) refers to main.o(i.sendBut2Reading) for sendBut2Reading
    main.o(i.main) refers to main.o(i.sendPotReading) for sendPotReading
    main.o(i.main) refers to main.o(i.ReceiveTemp) for ReceiveTemp
    main.o(i.sendBut1Reading) refers to tasks.o(i.xTaskGetTickCount) for xTaskGetTickCount
    main.o(i.sendBut1Reading) refers to main.o(i.intToString) for intToString
    main.o(i.sendBut1Reading) refers to uart.o(i.UART0_Write) for UART0_Write
    main.o(i.sendBut1Reading) refers to tasks.o(i.vTaskDelayUntil) for vTaskDelayUntil
    main.o(i.sendBut2Reading) refers to tasks.o(i.xTaskGetTickCount) for xTaskGetTickCount
    main.o(i.sendBut2Reading) refers to main.o(i.intToString) for intToString
    main.o(i.sendBut2Reading) refers to uart.o(i.UART0_Write) for UART0_Write
    main.o(i.sendBut2Reading) refers to tasks.o(i.vTaskDelayUntil) for vTaskDelayUntil
    main.o(i.sendPotReading) refers to tasks.o(i.xTaskGetTickCount) for xTaskGetTickCount
    main.o(i.sendPotReading) refers to adc.o(i.ADC0_SS3_In) for ADC0_SS3_In
    main.o(i.sendPotReading) refers to main.o(i.intToString) for intToString
    main.o(i.sendPotReading) refers to uart.o(i.UART0_Write) for UART0_Write
    main.o(i.sendPotReading) refers to tasks.o(i.vTaskDelayUntil) for vTaskDelayUntil
    delay.o(i.delay) refers to systick_wait1ms.o(i.systick_wait1ms) for systick_wait1ms
    uart.o(i.UART0_Read) refers to uart.o(i.UART0_Available) for UART0_Available
    lcd_clearscreen.o(i.LCD_clearScreen) refers to lcd_sendcommand.o(i.LCD_sendCommand) for LCD_sendCommand
    lcd_displaycharacter.o(i.LCD_displayCharacter) refers to dio.o(i.DIO_WritePort) for DIO_WritePort
    lcd_displaycharacter.o(i.LCD_displayCharacter) refers to delay.o(i.delay) for delay
    lcd_displaycharacter.o(i.LCD_displayCharacter) refers to dio.o(i.DIO_WritePort1) for DIO_WritePort1
    lcd_displaystring.o(i.LCD_displayString) refers to lcd_displaycharacter.o(i.LCD_displayCharacter) for LCD_displayCharacter
    lcd_displaystringrowcolumn.o(i.LCD_displayStringRowColumn) refers to lcd_gotorowcolumn.o(i.LCD_goToRowColumn) for LCD_goToRowColumn
    lcd_displaystringrowcolumn.o(i.LCD_displayStringRowColumn) refers to lcd_displaystring.o(i.LCD_displayString) for LCD_displayString
    lcd_gotorowcolumn.o(i.LCD_goToRowColumn) refers to lcd_sendcommand.o(i.LCD_sendCommand) for LCD_sendCommand
    lcd_init.o(i.LCD_init) refers to port_setpindirection.o(i.Port_SetPinDirection) for Port_SetPinDirection
    lcd_init.o(i.LCD_init) refers to delay.o(i.delay) for delay
    lcd_init.o(i.LCD_init) refers to lcd_sendcommand.o(i.LCD_sendCommand) for LCD_sendCommand
    lcd_intgertostring.o(i.LCD_intgerToString) refers to itoa.o(i.itoa) for itoa
    lcd_intgertostring.o(i.LCD_intgerToString) refers to lcd_displaystringrowcolumn.o(i.LCD_displayStringRowColumn) for LCD_displayStringRowColumn
[...]
    ../clib/libinit.s                        0x00000000   Number         0  libshutdown.o ABSOLUTE
    ../clib/libinit.s                        0x00000000   Number         0  libinit.o ABSOLUTE
    ../clib/memcpset.s                       0x00000000   Number         0  rt_memcpy_v6.o ABSOLUTE
    ../clib/memcpset.s                       0x00000000   Number         0  rt_memcpy_w.o ABSOLUTE
    ../clib/printf.c                         0x00000000   Number         0  _printf_intcommon.o ABSOLUTE
    ../clib/printf.c                         0x00000000   Number         0  __2sprintf.o ABSOLUTE
    ../clib/printf.c                         0x00000000   Number         0  _printf_char_common.o ABSOLUTE
    ../clib/printf.c                         0x00000000   Number         0  _sputc.o ABSOLUTE
    ../clib/printf.c                         0x00000000   Number         0  __printf_flags.o ABSOLUTE
    ../clib/printf.c                         0x00000000   Number         0  __printf_flags_ss.o ABSOLUTE
    ../clib/printf.c                         0x00000000   Number         0  __printf_ss.o ABSOLUTE
    ../clib/printf.c                         0x00000000   Number         0  __printf_wp.o ABSOLUTE
    ../clib/printf.c                         0x00000000   Number         0  __printf_flags_wp.o ABSOLUTE
    ../clib/printf.c                         0x00000000   Number         0  __printf_nopercent.o ABSOLUTE
    ../clib/printf.c                         0x00000000   Number         0  __printf_ss_wp.o ABSOLUTE
    ../clib/printf.c                         0x00000000   Number         0  __printf.o ABSOLUTE
    ../clib/printf.c                         0x00000000   Number         0  _printf_dec.o ABSOLUTE
    ../clib/printf.c                         0x00000000   Number         0  noretval__2sprintf.o ABSOLUTE
    ../clib/printf.c                         0x00000000   Number         0  __printf_flags_ss_wp.o ABSOLUTE
    ../clib/printf_percent.s                 0x00000000   Number         0  _printf_d.o ABSOLUTE
    ../clib/printf_percent.s                 0x00000000   Number         0  _printf_percent_end.o ABSOLUTE
    ../clib/printf_percent.s                 0x00000000   Number         0  _printf_percent.o ABSOLUTE
    ../clib/signal.c                         0x00000000   Number         0  defsig_rtmem_inner.o ABSOLUTE
    ../clib/signal.c                         0x00000000   Number         0  defsig_exit.o ABSOLUTE
    ../clib/signal.c                         0x00000000   Number         0  defsig_rtmem_formal.o ABSOLUTE
    ../clib/signal.c                         0x00000000   Number         0  defsig_rtmem_outer.o ABSOLUTE
    ../clib/signal.c                         0x00000000   Number         0  defsig_rtred_inner.o ABSOLUTE
    ../clib/signal.c                         0x00000000   Number         0  defsig_fpe_inner.o ABSOLUTE
    ../clib/signal.c                         0x00000000   Number         0  defsig_abrt_inner.o ABSOLUTE
    ../clib/signal.c                         0x00000000   Number         0  defsig_general.o ABSOLUTE
    ../clib/signal.c                         0x00000000   Number         0  __raise.o ABSOLUTE
    ../clib/signal.c                         0x00000000   Number         0  defsig_other.o ABSOLUTE
    ../clib/signal.c                         0x00000000   Number         0  defsig_segv_inner.o ABSOLUTE
    ../clib/signal.c                         0x00000000   Number         0  defsig_cppl_inner.o ABSOLUTE
    ../clib/signal.c                         0x00000000   Number         0  defsig_pvfn_inner.o ABSOLUTE
    ../clib/signal.c                         0x00000000   Number         0  defsig_stak_inner.o ABSOLUTE
    ../clib/signal.s                         0x00000000   Number         0  defsig.o ABSOLUTE
    ../clib/stdlib.c                         0x00000000   Number         0  exit.o ABSOLUTE
    ../fplib/fpinit.s                        0x00000000   Number         0  fpinit.o ABSOLUTE
    ADC.c                                    0x00000000   Number         0  adc.o ABSOLUTE
    C:\Keil_v5\ARM\PACK\ARM\CMSIS-FreeRTOS\10.0.1\CMSIS\RTOS2\FreeRTOS\Source\freertos_evr.c 0x00000000   Number         0  freertos_evr.o ABSOLUTE
    C:\Keil_v5\ARM\PACK\ARM\CMSIS-FreeRTOS\10.0.1\Source\list.c 0x00000000   Number         0  list.o ABSOLUTE
    C:\Keil_v5\ARM\PACK\ARM\CMSIS-FreeRTOS\10.0.1\Source\portable\MemMang\heap_4.c 0x00000000   Number         0  heap_4.o ABSOLUTE
    C:\Keil_v5\ARM\PACK\ARM\CMSIS-FreeRTOS\10.0.1\Source\portable\RVDS\ARM_CM4F\port.c 0x00000000   Number         0  port.o ABSOLUTE
    C:\Keil_v5\ARM\PACK\ARM\CMSIS-FreeRTOS\10.0.1\Source\queue.c 0x00000000   Number         0  queue.o ABSOLUTE
    C:\Keil_v5\ARM\PACK\ARM\CMSIS-FreeRTOS\10.0.1\Source\tasks.c 0x00000000   Number         0  tasks.o ABSOLUTE
    C:\Keil_v5\ARM\PACK\ARM\CMSIS-FreeRTOS\10.0.1\Source\timers.c 0x00000000   Number         0  timers.o ABSOLUTE
    C:\\Keil_v5\\ARM\\PACK\\ARM\\CMSIS-FreeRTOS\\10.0.1\\CMSIS\\RTOS2\\FreeRTOS\\Source\\freertos_evr.c 0x00000000   Number         0  freertos_evr.o ABSOLUTE
    C:\\Keil_v5\\ARM\\PACK\\ARM\\CMSIS-FreeRTOS\\10.0.1\\Source\\list.c 0x00000000   Number         0  list.o ABSOLUTE
    C:\\Keil_v5\\ARM\\PACK\\ARM\\CMSIS-FreeRTOS\\10.0.1\\Source\\portable\\MemMang\\heap_4.c 0x00000000   Number         0  heap_4.o ABSOLUTE
    C:\\Keil_v5\\ARM\\PACK\\ARM\\CMSIS-FreeRTOS\\10.0.1\\Source\\portable\\RVDS\\ARM_CM4F\\port.c 0x00000000   Number         0  port.o ABSOLUTE
    C:\\Keil_v5\\ARM\\PACK\\ARM\\CMSIS-FreeRTOS\\10.0.1\\Source\\queue.c 0x00000000   Number         0  queue.o ABSOLUTE
    C:\\Keil_v5\\ARM\\PACK\\ARM\\CMSIS-FreeRTOS\\10.0.1\\Source\\tasks.c 0x00000000   Number         0  tasks.o ABSOLUTE
    C:\\Keil_v5\\ARM\\PACK\\ARM\\CMSIS-FreeRTOS\\10.0.1\\Source\\timers.c 0x00000000   Number         0  timers.o ABSOLUTE
    DIO.c                                    0x00000000   Number         0  dio.o ABSOLUTE
    LCD_Init.c                               0x00000000   Number         0  lcd_init.o ABSOLUTE
    LCD_clearScreen.c                        0x00000000   Number         0  lcd_clearscreen.o ABSOLUTE
    LCD_displayCharacter.c                   0x00000000   Number         0  lcd_displaycharacter.o ABSOLUTE
    LCD_displayString.c                      0x00000000   Number         0  lcd_displaystring.o ABSOLUTE
    LCD_displayStringRowColumn.c             0x00000000   Number         0  lcd_displaystringrowcolumn.o ABSOLUTE
    LCD_goToRowColumn.c                      0x00000000   Number         0  lcd_gotorowcolumn.o ABSOLUTE
    LCD_intgerToString.c                     0x00000000   Number         0  lcd_intgertostring.o ABSOLUTE
    LCD_sendCommand.c                        0x00000000   Number         0  lcd_sendcommand.o ABSOLUTE
    PLL.c                                    0x00000000   Number         0  pll.o ABSOLUTE
    Port_Init.c                              0x00000000   Number         0  port_init.o ABSOLUTE
    Port_SetPinDirection.c                   0x00000000   Number         0  port_setpindirection.o ABSOLUTE
    Port_SetPinPullDown.c                    0x00000000   Number         0  port_setpinpulldown.o ABSOLUTE
    Port_SetPinPullUp.c                      0x00000000   Number         0  port_setpinpullup.o ABSOLUTE
    RTE\Device\TM4C123GH6PM\startup_TM4C123.s 0x00000000   Number         0  startup_tm4c123.o ABSOLUTE
    RTE\Device\TM4C123GH6PM\system_TM4C123.c 0x00000000   Number         0  system_tm4c123.o ABSOLUTE
    RTE\\Device\\TM4C123GH6PM\\system_TM4C123.c 0x00000000   Number         0  system_tm4c123.o ABSOLUTE
    UART.c                                   0x00000000   Number         0  uart.o ABSOLUTE
    dc.s                                     0x00000000   Number         0  dc.o ABSOLUTE
    delay.c                                  0x00000000   Number         0  delay.o ABSOLUTE
    itoa.c                                   0x00000000   Number         0  itoa.o ABSOLUTE
    main.c                                   0x00000000   Number         0  main.o ABSOLUTE
    main.c                                   0x00000000   Number         0  main.o ABSOLUTE
    systick_init.c                           0x00000000   Number         0  systick_init.o ABSOLUTE
    systick_wait1ms.c                        0x00000000   Number         0  systick_wait1ms.o ABSOLUTE
    !!!main                                  0x0000026c   Section        8  __main.o(!!!main)
    !!!scatter                               0x00000274   Section       52  __scatter.o(!!!scatter)
    !!handler_copy                           0x000002a8   Section       26  __scatter_copy.o(!!handler_copy)
    !!handler_zi                             0x000002c4   Section       28  __scatter_zi.o(!!handler_zi)
    .ARM.Collect$$_printf_percent$$00000000  0x000002e0   Section        0  _printf_percent.o(.ARM.Collect$$_printf_percent$$00000000)
    .ARM.Collect$$_printf_percent$$00000009  0x000002e0   Section        6  _printf_d.o(.ARM.Collect$$_printf_percent$$00000009)
    .ARM.Collect$$_printf_percent$$00000017  0x000002e6   Section        4  _printf_percent_end.o(.ARM.Collect$$_printf_percent$$00000017)
    .ARM.Collect$$libinit$$00000000          0x000002ea   Section        2  libinit.o(.ARM.Collect$$libinit$$00000000)
    .ARM.Collect$$libinit$$00000001          0x000002ec   Section        4  libinit2.o(.ARM.Collect$$libinit$$00000001)
    .ARM.Collect$$libinit$$00000004          0x000002f0   Section        0  libinit2.o(.ARM.Collect$$libinit$$00000004)
    .ARM.Collect$$libinit$$0000000A          0x000002f0   Section        0  libinit2.o(.ARM.Collect$$libinit$$0000000A)
    .ARM.Collect$$libinit$$0000000C          0x000002f0   Section        0  libinit2.o(.ARM.Collect$$libinit$$0000000C)
    .ARM.Collect$$libinit$$0000000E          0x000002f0   Section        0  libinit2.o(.ARM.Collect$$libinit$$0000000E)
    .ARM.Collect$$libinit$$00000011          0x000002f0   Section        0  libinit2.o(.ARM.Collect$$libinit$$00000011)
    .ARM.Collect$$libinit$$00000013          0x000002f0   Section        0  libinit2.o(.ARM.Collect$$libinit$$00000013)
    .ARM.Collect$$libinit$$00000015          0x000002f0   Section        0  libinit2.o(.ARM.Collect$$libinit$$00000015)
    .ARM.Collect$$libinit$$00000017          0x000002f0   Section        0  libinit2.o(.ARM.Collect$$libinit$$00000017)
    .ARM.Collect$$libinit$$00000019          0x000002f0   Section        0  libinit2.o(.ARM.Collect$$libinit$$00000019)
    .ARM.Collect$$libinit$$0000001B          0x000002f0   Section        0  libinit2.o(.ARM.Collect$$libinit$$0000001B)
    .ARM.Collect$$libinit$$0000001D          0x000002f0   Section        0  libinit2.o(.ARM.Collect$$libinit$$0000001D)
    .ARM.Collect$$libinit$$0000001F          0x000002f0   Section        0  libinit2.o(.ARM.Collect$$libinit$$0000001F)
    .ARM.Collect$$libinit$$00000021          0x000002f0   Section        0  libinit2.o(.ARM.Collect$$libinit$$00000021)
    .ARM.Collect$$libinit$$00000023          0x000002f0   Section        0  libinit2.o(.ARM.Collect$$libinit$$00000023)
    .ARM.Collect$$libinit$$00000025          0x000002f0   Section        0  libinit2.o(.ARM.Collect$$libinit$$00000025)
    .ARM.Collect$$libinit$$0000002C          0x000002f0   Section        0  libinit2.o(.ARM.Collect$$libinit$$0000002C)
    .ARM.Collect$$libinit$$0000002E          0x000002f0   Section        0  libinit2.o(.ARM.Collect$$libinit$$0000002E)
    .ARM.Collect$$libinit$$00000030          0x000002f0   Section        0  libinit2.o(.ARM.Collect$$libinit$$00000030)
    .ARM.Collect$$libinit$$00000032          0x000002f0   Section        0  libinit2.o(.ARM.Collect$$libinit$$00000032)
    .ARM.Collect$$libinit$$00000033          0x000002f0   Section        2  libinit2.o(.ARM.Collect$$libinit$$00000033)
    .ARM.Collect$$libshutdown$$00000000      0x000002f2   Section        2  libshutdown.o(.ARM.Collect$$libshutdown$$00000000)
    .ARM.Collect$$libshutdown$$00000002      0x000002f4   Section        0  libshutdown2.o(.ARM.Collect$$libshutdown$$00000002)
    .ARM.Collect$$libshutdown$$00000004      0x000002f4   Section        0  libshutdown2.o(.ARM.Collect$$libshutdown$$00000004)
    .ARM.Collect$$libshutdown$$00000007      0x000002f4   Section        0  libshutdown2.o(.ARM.Collect$$libshutdown$$00000007)
    .ARM.Collect$$libshutdown$$0000000A      0x000002f4   Section        0  libshutdown2.o(.ARM.Collect$$libshutdown$$0000000A)
    .ARM.Collect$$libshutdown$$0000000C      0x000002f4   Section        0  libshutdown2.o(.ARM.Collect$$libshutdown$$0000000C)
    .ARM.Collect$$libshutdown$$0000000F      0x000002f4   Section        0  libshutdown2.o(.ARM.Collect$$libshutdown$$0000000F)
    .ARM.Collect$$libshutdown$$00000010      0x000002f4   Section        2  libshutdown2.o(.ARM.Collect$$libshutdown$$00000010)
    .ARM.Collect$$rtentry$$00000000          0x000002f6   Section        0  __rtentry.o(.ARM.Collect$$rtentry$$00000000)
    .ARM.Collect$$rtentry$$00000002          0x000002f6   Section        0  __rtentry2.o(.ARM.Collect$$rtentry$$00000002)
    .ARM.Collect$$rtentry$$00000004          0x000002f6   Section        6  __rtentry4.o(.ARM.Collect$$rtentry$$00000004)
    .ARM.Collect$$rtentry$$00000009          0x000002fc   Section        0  __rtentry2.o(.ARM.Collect$$rtentry$$00000009)
    .ARM.Collect$$rtentry$$0000000A          0x000002fc   Section        4  __rtentry2.o(.ARM.Collect$$rtentry$$0000000A)
    .ARM.Collect$$rtentry$$0000000C          0x00000300   Section        0  __rtentry2.o(.ARM.Collect$$rtentry$$0000000C)
    .ARM.Collect$$rtentry$$0000000D          0x00000300   Section        8  __rtentry2.o(.ARM.Collect$$rtentry$$0000000D)
    .ARM.Collect$$rtexit$$00000000           0x00000308   Section        2  rtexit.o(.ARM.Collect$$rtexit$$00000000)
    .ARM.Collect$$rtexit$$00000002           0x0000030a   Section        0  rtexit2.o(.ARM.Collect$$rtexit$$00000002)
    .ARM.Collect$$rtexit$$00000003           0x0000030a   Section        4  rtexit2.o(.ARM.Collect$$rtexit$$00000003)
    .ARM.Collect$$rtexit$$00000004           0x0000030e   Section        6  rtexit2.o(.ARM.Collect$$rtexit$$00000004)
    .emb_text                                0x00000314   Section      190  port.o(.emb_text)
    $v0                                      0x00000314   Number         0  port.o(.emb_text)
    .text                                    0x000003d4   Section      276  startup_tm4c123.o(.text)
    $v0                                      0x000003d4   Number         0  startup_tm4c123.o(.text)
    .text                                    0x000004e8   Section        0  noretval__2sprintf.o(.text)
    .text                                    0x00000510   Section        0  __printf.o(.text)
    .text                                    0x00000578   Section        0  _printf_dec.o(.text)
    .text                                    0x000005f0   Section      138  rt_memcpy_v6.o(.text)
    .text                                    0x0000067a   Section        0  heapauxi.o(.text)
    .text                                    0x00000680   Section        0  _printf_intcommon.o(.text)
    .text                                    0x00000734   Section        0  _printf_char_common.o(.text)
    _printf_input_char                       0x00000735   Thumb Code    10  _printf_char_common.o(.text)
    .text                                    0x00000764   Section        0  _sputc.o(.text)
    .text                                    0x0000076e   Section      100  rt_memcpy_w.o(.text)
    .text                                    0x000007d2   Section       74  sys_stackheap_outer.o(.text)
    .text                                    0x0000081c   Section        0  exit.o(.text)
    .text                                    0x00000830   Section        8  libspace.o(.text)
    .text                                    0x00000838   Section        0  sys_exit.o(.text)
    .text                                    0x00000844   Section        2  use_no_semi.o(.text)
    .text                                    0x00000846   Section        0  indicate_semi.o(.text)
    i.ADC0_Init                              0x00000848   Section        0  adc.o(i.ADC0_Init)
    i.ADC0_SS3_In                            0x000008ec   Section        0  adc.o(i.ADC0_SS3_In)
    i.DIO_WritePort                          0x00000914   Section        0  dio.o(i.DIO_WritePort)
    i.DIO_WritePort1                         0x00000a0c   Section        0  dio.o(i.DIO_WritePort1)
    i.LCD_clearScreen                        0x00000a14   Section        0  lcd_clearscreen.o(i.LCD_clearScreen)
    i.LCD_displayCharacter                   0x00000a20   Section        0  lcd_displaycharacter.o(i.LCD_displayCharacter)
    i.LCD_displayString                      0x00000a78   Section        0  lcd_displaystring.o(i.LCD_displayString)
    i.LCD_displayStringRowColumn             0x00000a92   Section        0  lcd_displaystringrowcolumn.o(i.LCD_displayStringRowColumn)
    i.LCD_goToRowColumn                      0x00000aaa   Section        0  lcd_gotorowcolumn.o(i.LCD_goToRowColumn)
    i.LCD_init                               0x00000ae8   Section        0  lcd_init.o(i.LCD_init)
    i.LCD_sendCommand                        0x00000b4c   Section        0  lcd_sendcommand.o(i.LCD_sendCommand)
    i.PLL_Init                               0x00000b98   Section        0  pll.o(i.PLL_Init)
    i.PortA_Init                             0x00000c14   Section        0  port_init.o(i.PortA_Init)
    i.PortB_Init                             0x00000c60   Section        0  port_init.o(i.PortB_Init)
    i.PortC_Init                             0x00000cb4   Section        0  port_init.o(i.PortC_Init)
    i.PortD_Init                             0x00000d00   Section        0  port_init.o(i.PortD_Init)
    i.PortE_Init                             0x00000d54   Section        0  port_init.o(i.PortE_Init)
    i.PortF_Init                             0x00000da0   Section        0  port_init.o(i.PortF_Init)
    i.Port_Init                              0x00000df4   Section        0  port_init.o(i.Port_Init)
    i.Port_SetPinDirection                   0x00000e48   Section        0  port_setpindirection.o(i.Port_SetPinDirection)
    i.Port_SetPinPullUp                      0x00000f28   Section        0  port_setpinpullup.o(i.Port_SetPinPullUp)
    i.RGBLED_Init                            0x00001008   Section        0  main.o(i.RGBLED_Init)
    i.ReceiveTemp                            0x000010b4   Section        0  main.o(i.ReceiveTemp)
    i.SysTick_Handler                        0x00001120   Section        0  port.o(i.SysTick_Handler)
    i.SystemInit                             0x00001154   Section        0  system_tm4c123.o(i.SystemInit)
    i.UART0_Available                        0x00001168   Section        0  uart.o(i.UART0_Available)
    i.UART0_Init                             0x00001180   Section        0  uart.o(i.UART0_Init)
    i.UART0_Read                             0x0000122c   Section        0  uart.o(i.UART0_Read)
    i.UART0_Write                            0x00001244   Section        0  uart.o(i.UART0_Write)
    i.delay                                  0x0000126c   Section        0  delay.o(i.delay)
    i.intToString                            0x00001280   Section        0  main.o(i.intToString)
    i.main                                   0x00001298   Section        0  main.o(i.main)
    i.prvAddCurrentTaskToDelayedList         0x00001370   Section        0  tasks.o(i.prvAddCurrentTaskToDelayedList)
    prvAddCurrentTaskToDelayedList           0x00001371   Thumb Code   124  tasks.o(i.prvAddCurrentTaskToDelayedList)
    i.prvAddNewTaskToReadyList               0x00001408   Section        0  tasks.o(i.prvAddNewTaskToReadyList)
    prvAddNewTaskToReadyList                 0x00001409   Thumb Code   150  tasks.o(i.prvAddNewTaskToReadyList)
    i.prvCheckForValidListAndQueue           0x000014bc   Section        0  timers.o(i.prvCheckForValidListAndQueue)
    prvCheckForValidListAndQueue             0x000014bd   Thumb Code    56  timers.o(i.prvCheckForValidListAndQueue)
    i.prvCheckTasksWaitingTermination        0x00001508   Section        0  tasks.o(i.prvCheckTasksWaitingTermination)
    prvCheckTasksWaitingTermination          0x00001509   Thumb Code    60  tasks.o(i.prvCheckTasksWaitingTermination)
    i.prvCopyDataFromQueue                   0x00001550   Section        0  queue.o(i.prvCopyDataFromQueue)
    prvCopyDataFromQueue                     0x00001551   Thumb Code    42  queue.o(i.prvCopyDataFromQueue)
    i.prvCopyDataToQueue                     0x0000157a   Section        0  queue.o(i.prvCopyDataToQueue)
    prvCopyDataToQueue                       0x0000157b   Thumb Code   124  queue.o(i.prvCopyDataToQueue)
    i.prvDeleteTCB                           0x000015f6   Section        0  tasks.o(i.prvDeleteTCB)
    prvDeleteTCB                             0x000015f7   Thumb Code    18  tasks.o(i.prvDeleteTCB)
    i.prvGetNextExpireTime                   0x00001608   Section        0  timers.o(i.prvGetNextExpireTime)
    prvGetNextExpireTime                     0x00001609   Thumb Code    36  timers.o(i.prvGetNextExpireTime)
    i.prvHeapInit                            0x00001630   Section        0  heap_4.o(i.prvHeapInit)
    prvHeapInit                              0x00001631   Thumb Code    98  heap_4.o(i.prvHeapInit)
    i.prvIdleTask                            0x000016ac   Section        0  tasks.o(i.prvIdleTask)
    prvIdleTask                              0x000016ad   Thumb Code    32  tasks.o(i.prvIdleTask)
    i.prvInitialiseNewQueue                  0x000016d4   Section        0  queue.o(i.prvInitialiseNewQueue)
    prvInitialiseNewQueue                    0x000016d5   Thumb Code    42  queue.o(i.prvInitialiseNewQueue)
    i.prvInitialiseNewTask                   0x000016fe   Section        0  tasks.o(i.prvInitialiseNewTask)
    prvInitialiseNewTask                     0x000016ff   Thumb Code   172  tasks.o(i.prvInitialiseNewTask)
    i.prvInitialiseTaskLists                 0x000017ac   Section        0  tasks.o(i.prvInitialiseTaskLists)
    prvInitialiseTaskLists                   0x000017ad   Thumb Code    70  tasks.o(i.prvInitialiseTaskLists)
    i.prvInsertBlockIntoFreeList             0x00001814   Section        0  heap_4.o(i.prvInsertBlockIntoFreeList)
    prvInsertBlockIntoFreeList               0x00001815   Thumb Code    96  heap_4.o(i.prvInsertBlockIntoFreeList)
    i.prvInsertTimerInActiveList             0x0000187c   Section        0  timers.o(i.prvInsertTimerInActiveList)
    prvInsertTimerInActiveList               0x0000187d   Thumb Code    80  timers.o(i.prvInsertTimerInActiveList)
    i.prvIsQueueEmpty                        0x000018d4   Section        0  queue.o(i.prvIsQueueEmpty)
    prvIsQueueEmpty                          0x000018d5   Thumb Code    26  queue.o(i.prvIsQueueEmpty)
    i.prvIsQueueFull                         0x000018ee   Section        0  queue.o(i.prvIsQueueFull)
    prvIsQueueFull                           0x000018ef   Thumb Code    30  queue.o(i.prvIsQueueFull)
    i.prvNotifyQueueSetContainer             0x0000190c   Section        0  queue.o(i.prvNotifyQueueSetContainer)
    prvNotifyQueueSetContainer               0x0000190d   Thumb Code   148  queue.o(i.prvNotifyQueueSetContainer)
    i.prvProcessExpiredTimer                 0x000019a0   Section        0  timers.o(i.prvProcessExpiredTimer)
    prvProcessExpiredTimer                   0x000019a1   Thumb Code    96  timers.o(i.prvProcessExpiredTimer)
    i.prvProcessReceivedCommands             0x00001a04   Section        0  timers.o(i.prvProcessReceivedCommands)
    prvProcessReceivedCommands               0x00001a05   Thumb Code   244  timers.o(i.prvProcessReceivedCommands)
    i.prvProcessTimerOrBlockTask             0x00001afc   Section        0  timers.o(i.prvProcessTimerOrBlockTask)
    prvProcessTimerOrBlockTask               0x00001afd   Thumb Code   102  timers.o(i.prvProcessTimerOrBlockTask)
    i.prvResetNextTaskUnblockTime            0x00001b70   Section        0  tasks.o(i.prvResetNextTaskUnblockTime)
    prvResetNextTaskUnblockTime              0x00001b71   Thumb Code    42  tasks.o(i.prvResetNextTaskUnblockTime)
    i.prvSampleTimeNow                       0x00001ba4   Section        0  timers.o(i.prvSampleTimeNow)
    prvSampleTimeNow                         0x00001ba5   Thumb Code    40  timers.o(i.prvSampleTimeNow)
    i.prvSwitchTimerLists                    0x00001bd0   Section        0  timers.o(i.prvSwitchTimerLists)
    prvSwitchTimerLists                      0x00001bd1   Thumb Code   152  timers.o(i.prvSwitchTimerLists)
    i.prvTaskExitError                       0x00001c70   Section        0  port.o(i.prvTaskExitError)
    prvTaskExitError                         0x00001c71   Thumb Code    64  port.o(i.prvTaskExitError)
    i.prvTimerTask                           0x00001cb4   Section        0  timers.o(i.prvTimerTask)
    prvTimerTask                             0x00001cb5   Thumb Code    26  timers.o(i.prvTimerTask)
    i.prvUnlockQueue                         0x00001cce   Section        0  queue.o(i.prvUnlockQueue)
    prvUnlockQueue                           0x00001ccf   Thumb Code   146  queue.o(i.prvUnlockQueue)
    i.pvPortMalloc                           0x00001d60   Section        0  heap_4.o(i.pvPortMalloc)
    i.pxPortInitialiseStack                  0x00001ea4   Section        0  port.o(i.pxPortInitialiseStack)
    i.sendBut1Reading                        0x00001ed0   Section        0  main.o(i.sendBut1Reading)
    i.sendBut2Reading                        0x00001f28   Section        0  main.o(i.sendBut2Reading)
    i.sendPotReading                         0x00001f80   Section        0  main.o(i.sendPotReading)
    i.systick_init                           0x00001fd8   Section        0  systick_init.o(i.systick_init)
    i.systick_wait1ms                        0x00002000   Section        0  systick_wait1ms.o(i.systick_wait1ms)
    i.toString                               0x00002024   Section        0  main.o(i.toString)
    i.uxListRemove                           0x00002060   Section        0  list.o(i.uxListRemove)
    i.vListInitialise                        0x00002088   Section        0  list.o(i.vListInitialise)
    i.vListInitialiseItem                    0x000020a2   Section        0  list.o(i.vListInitialiseItem)
    i.vListInsert                            0x000020a8   Section        0  list.o(i.vListInsert)
    i.vListInsertEnd                         0x000020dc   Section        0  list.o(i.vListInsertEnd)
    i.vPortEnterCritical                     0x000020f4   Section        0  port.o(i.vPortEnterCritical)
    i.vPortExitCritical                      0x0000214c   Section        0  port.o(i.vPortExitCritical)
    i.vPortFree                              0x0000218c   Section        0  heap_4.o(i.vPortFree)
    i.vPortSetupTimerInterrupt               0x00002224   Section        0  port.o(i.vPortSetupTimerInterrupt)
    i.vPortValidateInterruptPriority         0x0000223c   Section        0  port.o(i.vPortValidateInterruptPriority)
    i.vQueueWaitForMessageRestricted         0x000022b8   Section        0  queue.o(i.vQueueWaitForMessageRestricted)
    i.vTaskDelayUntil                        0x00002304   Section        0  tasks.o(i.vTaskDelayUntil)
    i.vTaskInternalSetTimeOutState           0x000023e0   Section        0  tasks.o(i.vTaskInternalSetTimeOutState)
    i.vTaskMissedYield                       0x000023f8   Section        0  tasks.o(i.vTaskMissedYield)
    i.vTaskPlaceOnEventList                  0x00002404   Section        0  tasks.o(i.vTaskPlaceOnEventList)
    i.vTaskPlaceOnEventListRestricted        0x00002440   Section        0  tasks.o(i.vTaskPlaceOnEventListRestricted)
    i.vTaskStartScheduler                    0x00002484   Section        0  tasks.o(i.vTaskStartScheduler)
    i.vTaskSuspendAll                        0x0000251c   Section        0  tasks.o(i.vTaskSuspendAll)
    i.vTaskSwitchContext                     0x0000252c   Section        0  tasks.o(i.vTaskSwitchContext)
    i.xPortStartScheduler                    0x000025b8   Section        0  port.o(i.xPortStartScheduler)
    i.xQueueGenericCreate                    0x00002754   Section        0  queue.o(i.xQueueGenericCreate)
    i.xQueueGenericReset                     0x000027b0   Section        0  queue.o(i.xQueueGenericReset)
    i.xQueueGenericSend                      0x00002848   Section        0  queue.o(i.xQueueGenericSend)
    i.xQueueGenericSendFromISR               0x00002a18   Section        0  queue.o(i.xQueueGenericSendFromISR)
    i.xQueueReceive                          0x00002b28   Section        0  queue.o(i.xQueueReceive)
    i.xTaskCheckForTimeOut                   0x00002c98   Section        0  tasks.o(i.xTaskCheckForTimeOut)
    i.xTaskCreate                            0x00002d28   Section        0  tasks.o(i.xTaskCreate)
    i.xTaskGetSchedulerState                 0x00002d88   Section        0  tasks.o(i.xTaskGetSchedulerState)
    i.xTaskGetTickCount                      0x00002da8   Section        0  tasks.o(i.xTaskGetTickCount)
    i.xTaskIncrementTick                     0x00002db4   Section        0  tasks.o(i.xTaskIncrementTick)
    i.xTaskPriorityDisinherit                0x00002efc   Section        0  tasks.o(i.xTaskPriorityDisinherit)
    i.xTaskRemoveFromEventList               0x00002fc8   Section        0  tasks.o(i.xTaskRemoveFromEventList)
    i.xTaskResumeAll                         0x00003064   Section        0  tasks.o(i.xTaskResumeAll)
    i.xTimerCreateTimerTask                  0x0000316c   Section        0  timers.o(i.xTimerCreateTimerTask)
    i.xTimerGenericCommand                   0x000031c4   Section        0  timers.o(i.xTimerGenericCommand)
    x$fpl$fpinit                             0x00003248   Section       10  fpinit.o(x$fpl$fpinit)
    $v0                                      0x00003248   Number         0  fpinit.o(x$fpl$fpinit)
    .data                                    0x20000000   Section       24  heap_4.o(.data)
    xStart                                   0x20000000   Data           8  heap_4.o(.data)
    pxEnd                                    0x20000008   Data           4  heap_4.o(.data)
    xFreeBytesRemaining                      0x2000000c   Data           4  heap_4.o(.data)
    xMinimumEverFreeBytesRemaining           0x20000010   Data           4  heap_4.o(.data)
    xBlockAllocatedBit                       0x20000014   Data           4  heap_4.o(.data)
    .data                                    0x20000018   Section       12  port.o(.data)
    uxCriticalNesting                        0x20000018   Data           4  port.o(.data)
    ucMaxSysCallPriority                     0x2000001c   Data           1  port.o(.data)
    ulMaxPRIGROUPValue                       0x20000020   Data           4  port.o(.data)
    .data                                    0x20000024   Section       60  tasks.o(.data)
    pxDelayedTaskList                        0x20000028   Data           4  tasks.o(.data)
    pxOverflowDelayedTaskList                0x2000002c   Data           4  tasks.o(.data)
    uxDeletedTasksWaitingCleanUp             0x20000030   Data           4  tasks.o(.data)
    uxCurrentNumberOfTasks                   0x20000034   Data           4  tasks.o(.data)
    xTickCount                               0x20000038   Data           4  tasks.o(.data)
    uxTopReadyPriority                       0x2000003c   Data           4  tasks.o(.data)
    xSchedulerRunning                        0x20000040   Data           4  tasks.o(.data)
    uxPendedTicks                            0x20000044   Data           4  tasks.o(.data)
    xYieldPending                            0x20000048   Data           4  tasks.o(.data)
    xNumOfOverflows                          0x2000004c   Data           4  tasks.o(.data)
    uxTaskNumber                             0x20000050   Data           4  tasks.o(.data)
    xNextTaskUnblockTime                     0x20000054   Data           4  tasks.o(.data)
    xIdleTaskHandle                          0x20000058   Data           4  tasks.o(.data)
    uxSchedulerSuspended                     0x2000005c   Data           4  tasks.o(.data)
    .data                                    0x20000060   Section       20  timers.o(.data)
    pxCurrentTimerList                       0x20000060   Data           4  timers.o(.data)
    pxOverflowTimerList                      0x20000064   Data           4  timers.o(.data)
    xTimerQueue                              0x20000068   Data           4  timers.o(.data)
    xTimerTaskHandle                         0x2000006c   Data           4  timers.o(.data)
    xLastTime                                0x20000070   Data           4  timers.o(.data)
    .bss                                     0x20000074   Section    30000  heap_4.o(.bss)
    ucHeap                                   0x20000074   Data       30000  heap_4.o(.bss)
    .bss                                     0x200075a4   Section      200  tasks.o(.bss)
    pxReadyTasksLists                        0x200075a4   Data         100  tasks.o(.bss)
    xDelayedTaskList1                        0x20007608   Data          20  tasks.o(.bss)
    xDelayedTaskList2                        0x2000761c   Data          20  tasks.o(.bss)
    xPendingReadyList                        0x20007630   Data          20  tasks.o(.bss)
    xTasksWaitingTermination                 0x20007644   Data          20  tasks.o(.bss)
    xSuspendedTaskList                       0x20007658   Data          20  tasks.o(.bss)
    .bss                                     0x2000766c   Section       40  timers.o(.bss)
    xActiveTimerList1                        0x2000766c   Data          20  timers.o(.bss)
    xActiveTimerList2                        0x20007680   Data          20  timers.o(.bss)
    .bss                                     0x20007694   Section       96  libspace.o(.bss)
    HEAP                                     0x200076f8   Section        0  startup_tm4c123.o(HEAP)
    STACK                                    0x200076f8   Section      512  startup_tm4c123.o(STACK)
    Heap_Mem                                 0x200076f8   Data           0  startup_tm4c123.o(HEAP)
    Stack_Mem                                0x200076f8   Data         512  startup_tm4c123.o(STACK)
    __initial_sp                             0x200078f8   Data           0  startup_tm4c123.o(STACK)

    Global Symbols

    Symbol Name                              Value     Ov Type        Size  Object(Section)

    BuildAttributes$$THM_ISAv4$E$P$D$K$B$S$7EM$VFPi3$EXTD16$VFPS$VFMA$PE$A:L22UL41UL21$X:L11$S22US41US21$IEEE1$IW$USESV6$~STKCKD$USESV7$~SHL$OSPACE$ROPI$EBA8$UX$STANDARDLIB$REQ8$PRES8$EABIv2 0x00000000   Number         0  anon$$obj.o ABSOLUTE
    __ARM_use_no_argv                        0x00000000   Number         0  main.o ABSOLUTE
    __Vectors                                0x00000000   Data           4  startup_tm4c123.o(RESET)
    __ARM_exceptions_init                     - Undefined Weak Reference
    __alloca_initialize                       - Undefined Weak Reference
    __arm_preinit_                            - Undefined Weak Reference
    __cpp_initialize__aeabi_                  - Undefined Weak Reference
    __cxa_finalize                            - Undefined Weak Reference
    __rt_locale                               - Undefined Weak Reference
    __sigvec_lookup                           - Undefined Weak Reference
    _atexit_init                              - Undefined Weak Reference
    _call_atexit_fns                          - Undefined Weak Reference
    _clock_init                               - Undefined Weak Reference
    _fp_trap_init                             - Undefined Weak Reference
    _fp_trap_shutdown                         - Undefined Weak Reference
    _get_lc_collate                           - Undefined Weak Reference
    _get_lc_ctype                             - Undefined Weak Reference
    _get_lc_monetary                          - Undefined Weak Reference
    _get_lc_numeric                           - Undefined Weak Reference
    _get_lc_time                              - Undefined Weak Reference
    _getenv_init                              - Undefined Weak Reference
    _handle_redirection                       - Undefined Weak Reference
    _init_alloc                               - Undefined Weak Reference
    _init_user_alloc                          - Undefined Weak Reference
    _initio                                   - Undefined Weak Reference
    _printf_post_padding                      - Undefined Weak Reference
    _printf_pre_padding                       - Undefined Weak Reference
    _printf_truncate_signed                   - Undefined Weak Reference
    _printf_truncate_unsigned                 - Undefined Weak Reference
    _rand_init                                - Undefined Weak Reference
    _signal_finish                            - Undefined Weak Reference
    _signal_init                              - Undefined Weak Reference
    _terminate_alloc                          - Undefined Weak Reference
    _terminate_user_alloc                     - Undefined Weak Reference
    _terminateio                              - Undefined Weak Reference
    __Vectors_End                            0x0000026c   Data           0  startup_tm4c123.o(RESET)
    __Vectors_Size                           0x0000026c   Number         0  startup_tm4c123.o ABSOLUTE
    __main                                   0x0000026d   Thumb Code     8  __main.o(!!!main)
    __scatterload                            0x00000275   Thumb Code     0  __scatter.o(!!!scatter)
    __scatterload_rt2                        0x00000275   Thumb Code    44  __scatter.o(!!!scatter)
    __scatterload_rt2_thumb_only             0x00000275   Thumb Code     0  __scatter.o(!!!scatter)
    __scatterload_null                       0x00000283   Thumb Code     0  __scatter.o(!!!scatter)
    __scatterload_copy                       0x000002a9   Thumb Code    26  __scatter_copy.o(!!handler_copy)
    __scatterload_zeroinit                   0x000002c5   Thumb Code    28  __scatter_zi.o(!!handler_zi)
    _printf_d                                0x000002e1   Thumb Code     0  _printf_d.o(.ARM.Collect$$_printf_percent$$00000009)
    _printf_percent                          0x000002e1   Thumb Code     0  _printf_percent.o(.ARM.Collect$$_printf_percent$$00000000)
    _printf_percent_end                      0x000002e7   Thumb Code     0  _printf_percent_end.o(.ARM.Collect$$_printf_percent$$00000017)
    __rt_lib_init                            0x000002eb   Thumb Code     0  libinit.o(.ARM.Collect$$libinit$$00000000)
    __rt_lib_init_fp_1                       0x000002ed   Thumb Code     0  libinit2.o(.ARM.Collect$$libinit$$00000001)
    __rt_lib_init_alloca_1                   0x000002f1   Thumb Code     0  libinit2.o(.ARM.Collect$$libinit$$0000002E)
    __rt_lib_init_argv_1                     0x000002f1   Thumb Code     0  libinit2.o(.ARM.Collect$$libinit$$0000002C)
    __rt_lib_init_atexit_1                   0x000002f1   Thumb Code     0  libinit2.o(.ARM.Collect$$libinit$$0000001B)
    __rt_lib_init_clock_1                    0x000002f1   Thumb Code     0  libinit2.o(.ARM.Collect$$libinit$$00000021)
    __rt_lib_init_cpp_1                      0x000002f1   Thumb Code     0  libinit2.o(.ARM.Collect$$libinit$$00000032)
    __rt_lib_init_exceptions_1               0x000002f1   Thumb Code     0  libinit2.o(.ARM.Collect$$libinit$$00000030)
    __rt_lib_init_fp_trap_1                  0x000002f1   Thumb Code     0  libinit2.o(.ARM.Collect$$libinit$$0000001F)
    __rt_lib_init_getenv_1                   0x000002f1   Thumb Code     0  libinit2.o(.ARM.Collect$$libinit$$00000023)
    __rt_lib_init_heap_1                     0x000002f1   Thumb Code     0  libinit2.o(.ARM.Collect$$libinit$$0000000A)
    __rt_lib_init_lc_collate_1               0x000002f1   Thumb Code     0  libinit2.o(.ARM.Collect$$libinit$$00000011)
    __rt_lib_init_lc_ctype_1                 0x000002f1   Thumb Code     0  libinit2.o(.ARM.Collect$$libinit$$00000013)
    __rt_lib_init_lc_monetary_1              0x000002f1   Thumb Code     0  libinit2.o(.ARM.Collect$$libinit$$00000015)
    __rt_lib_init_lc_numeric_1               0x000002f1   Thumb Code     0  libinit2.o(.ARM.Collect$$libinit$$00000017)
    __rt_lib_init_lc_time_1                  0x000002f1   Thumb Code     0  libinit2.o(.ARM.Collect$$libinit$$00000019)
    __rt_lib_init_preinit_1                  0x000002f1   Thumb Code     0  libinit2.o(.ARM.Collect$$libinit$$00000004)
    __rt_lib_init_rand_1                     0x000002f1   Thumb Code     0  libinit2.o(.ARM.Collect$$libinit$$0000000E)
    __rt_lib_init_return                     0x000002f1   Thumb Code     0  libinit2.o(.ARM.Collect$$libinit$$00000033)
    __rt_lib_init_signal_1                   0x000002f1   Thumb Code     0  libinit2.o(.ARM.Collect$$libinit$$0000001D)
    __rt_lib_init_stdio_1                    0x000002f1   Thumb Code     0  libinit2.o(.ARM.Collect$$libinit$$00000025)
    __rt_lib_init_user_alloc_1               0x000002f1   Thumb Code     0  libinit2.o(.ARM.Collect$$libinit$$0000000C)
    __rt_lib_shutdown                        0x000002f3   Thumb Code     0  libshutdown.o(.ARM.Collect$$libshutdown$$00000000)
    __rt_lib_shutdown_cpp_1                  0x000002f5   Thumb Code     0  libshutdown2.o(.ARM.Collect$$libshutdown$$00000002)
    __rt_lib_shutdown_fp_trap_1              0x000002f5   Thumb Code     0  libshutdown2.o(.ARM.Collect$$libshutdown$$00000007)
    __rt_lib_shutdown_heap_1                 0x000002f5   Thumb Code     0  libshutdown2.o(.ARM.Collect$$libshutdown$$0000000F)
    __rt_lib_shutdown_return                 0x000002f5   Thumb Code     0  libshutdown2.o(.ARM.Collect$$libshutdown$$00000010)
    __rt_lib_shutdown_signal_1               0x000002f5   Thumb Code     0  libshutdown2.o(.ARM.Collect$$libshutdown$$0000000A)
    __rt_lib_shutdown_stdio_1                0x000002f5   Thumb Code     0  libshutdown2.o(.ARM.Collect$$libshutdown$$00000004)
    __rt_lib_shutdown_user_alloc_1           0x000002f5   Thumb Code     0  libshutdown2.o(.ARM.Collect$$libshutdown$$0000000C)
    __rt_entry                               0x000002f7   Thumb Code     0  __rtentry.o(.ARM.Collect$$rtentry$$00000000)
    __rt_entry_presh_1                       0x000002f7   Thumb Code     0  __rtentry2.o(.ARM.Collect$$rtentry$$00000002)
    __rt_entry_sh                            0x000002f7   Thumb Code     0  __rtentry4.o(.ARM.Collect$$rtentry$$00000004)
    __rt_entry_li                            0x000002fd   Thumb Code     0  __rtentry2.o(.ARM.Collect$$rtentry$$0000000A)
    __rt_entry_postsh_1                      0x000002fd   Thumb Code     0  __rtentry2.o(.ARM.Collect$$rtentry$$00000009)
    __rt_entry_main                          0x00000301   Thumb Code     0  __rtentry2.o(.ARM.Collect$$rtentry$$0000000D)
    __rt_entry_postli_1                      0x00000301   Thumb Code     0  __rtentry2.o(.ARM.Collect$$rtentry$$0000000C)
    __rt_exit                                0x00000309   Thumb Code     0  rtexit.o(.ARM.Collect$$rtexit$$00000000)
    __rt_exit_ls                             0x0000030b   Thumb Code     0  rtexit2.o(.ARM.Collect$$rtexit$$00000003)
    __rt_exit_prels_1                        0x0000030b   Thumb Code     0  rtexit2.o(.ARM.Collect$$rtexit$$00000002)
    __rt_exit_exit                           0x0000030f   Thumb Code     0  rtexit2.o(.ARM.Collect$$rtexit$$00000004)
    SVC_Handler                              0x00000315   Thumb Code    28  port.o(.emb_text)
    __asm___6_port_c_39a90d8d__prvStartFirstTask 0x00000335   Thumb Code    36  port.o(.emb_text)
    __asm___6_port_c_39a90d8d__prvEnableVFP  0x0000035d   Thumb Code    16  port.o(.emb_text)
    PendSV_Handler                           0x00000371   Thumb Code    88  port.o(.emb_text)
    vPortGetIPSR                             0x000003cd   Thumb Code     6  port.o(.emb_text)
    Reset_Handler                            0x000003d5   Thumb Code     8  startup_tm4c123.o(.text)
    NMI_Handler                              0x000003dd   Thumb Code     2  startup_tm4c123.o(.text)
    HardFault_Handler                        0x000003df   Thumb Code     2  startup_tm4c123.o(.text)
    MemManage_Handler                        0x000003e1   Thumb Code     2  startup_tm4c123.o(.text)
    BusFault_Handler                         0x000003e3   Thumb Code     2  startup_tm4c123.o(.text)
    UsageFault_Handler                       0x000003e5   Thumb Code     2  startup_tm4c123.o(.text)
    DebugMon_Handler                         0x000003e9   Thumb Code     2  startup_tm4c123.o(.text)
    GPIOA_Handler                            0x000003ef   Thumb Code     2  startup_tm4c123.o(.text)
    GPIOB_Handler                            0x000003f1   Thumb Code     2  startup_tm4c123.o(.text)
    GPIOC_Handler                            0x000003f3   Thumb Code     2  startup_tm4c123.o(.text)
    GPIOD_Handler                            0x000003f5   Thumb Code     2  startup_tm4c123.o(.text)
    GPIOE_Handler                            0x000003f7   Thumb Code     2  startup_tm4c123.o(.text)
    UART0_Handler                            0x000003f9   Thumb Code     2  startup_tm4c123.o(.text)
    UART1_Handler                            0x000003fb   Thumb Code     2  startup_tm4c123.o(.text)
    SSI0_Handler                             0x000003fd   Thumb Code     2  startup_tm4c123.o(.text)
    I2C0_Handler                             0x000003ff   Thumb Code     2  startup_tm4c123.o(.text)
    PMW0_FAULT_Handler                       0x00000401   Thumb Code     2  startup_tm4c123.o(.text)
    PWM0_0_Handler                           0x00000403   Thumb Code     2  startup_tm4c123.o(.text)
    PWM0_1_Handler                           0x00000405   Thumb Code     2  startup_tm4c123.o(.text)
    PWM0_2_Handler                           0x00000407   Thumb Code     2  startup_tm4c123.o(.text)
    QEI0_Handler                             0x00000409   Thumb Code     2  startup_tm4c123.o(.text)
    ADC0SS0_Handler                          0x0000040b   Thumb Code     2  startup_tm4c123.o(.text)
    ADC0SS1_Handler                          0x0000040d   Thumb Code     2  startup_tm4c123.o(.text)
    ADC0SS2_Handler                          0x0000040f   Thumb Code     2  startup_tm4c123.o(.text)
    ADC0SS3_Handler                          0x00000411   Thumb Code     2  startup_tm4c123.o(.text)
    WDT0_Handler                             0x00000413   Thumb Code     2  startup_tm4c123.o(.text)
    TIMER0A_Handler                          0x00000415   Thumb Code     2  startup_tm4c123.o(.text)
    TIMER0B_Handler                          0x00000417   Thumb Code     2  startup_tm4c123.o(.text)
    TIMER1A_Handler                          0x00000419   Thumb Code     2  startup_tm4c123.o(.text)
    TIMER1B_Handler                          0x0000041b   Thumb Code     2  startup_tm4c123.o(.text)
    TIMER2A_Handler                          0x0000041d   Thumb Code     2  startup_tm4c123.o(.text)
    TIMER2B_Handler                          0x0000041f   Thumb Code     2  startup_tm4c123.o(.text)
    COMP0_Handler                            0x00000421   Thumb Code     2  startup_tm4c123.o(.text)
    COMP1_Handler                            0x00000423   Thumb Code     2  startup_tm4c123.o(.text)
    COMP2_Handler                            0x00000425   Thumb Code     2  startup_tm4c123.o(.text)
    SYSCTL_Handler                           0x00000427   Thumb Code     2  startup_tm4c123.o(.text)
    FLASH_Handler                            0x00000429   Thumb Code     2  startup_tm4c123.o(.text)
    GPIOF_Handler                            0x0000042b   Thumb Code     2  startup_tm4c123.o(.text)
    GPIOG_Handler                            0x0000042d   Thumb Code     2  startup_tm4c123.o(.text)
    GPIOH_Handler                            0x0000042f   Thumb Code     2  startup_tm4c123.o(.text)
    UART2_Handler                            0x00000431   Thumb Code     2  startup_tm4c123.o(.text)
    SSI1_Handler                             0x00000433   Thumb Code     2  startup_tm4c123.o(.text)
    TIMER3A_Handler                          0x00000435   Thumb Code     2  startup_tm4c123.o(.text)
    TIMER3B_Handler                          0x00000437   Thumb Code     2  startup_tm4c123.o(.text)
    I2C1_Handler                             0x00000439   Thumb Code     2  startup_tm4c123.o(.text)
    QEI1_Handler                             0x0000043b   Thumb Code     2  startup_tm4c123.o(.text)
    CAN0_Handler                             0x0000043d   Thumb Code     2  startup_tm4c123.o(.text)
    CAN1_Handler                             0x0000043f   Thumb Code     2  startup_tm4c123.o(.text)
    CAN2_Handler                             0x00000441   Thumb Code     2  startup_tm4c123.o(.text)
    HIB_Handler                              0x00000443   Thumb Code     2  startup_tm4c123.o(.text)
    USB0_Handler                             0x00000445   Thumb Code     2  startup_tm4c123.o(.text)
    PWM0_3_Handler                           0x00000447   Thumb Code     2  startup_tm4c123.o(.text)
    UDMA_Handler                             0x00000449   Thumb Code     2  startup_tm4c123.o(.text)
    UDMAERR_Handler                          0x0000044b   Thumb Code     2  startup_tm4c123.o(.text)
    ADC1SS0_Handler                          0x0000044d   Thumb Code     2  startup_tm4c123.o(.text)
    ADC1SS1_Handler                          0x0000044f   Thumb Code     2  startup_tm4c123.o(.text)
    ADC1SS2_Handler                          0x00000451   Thumb Code     2  startup_tm4c123.o(.text)
    ADC1SS3_Handler                          0x00000453   Thumb Code     2  startup_tm4c123.o(.text)
    GPIOJ_Handler                            0x00000455   Thumb Code     2  startup_tm4c123.o(.text)
    GPIOK_Handler                            0x00000457   Thumb Code     2  startup_tm4c123.o(.text)
    GPIOL_Handler                            0x00000459   Thumb Code     2  startup_tm4c123.o(.text)
    SSI2_Handler                             0x0000045b   Thumb Code     2  startup_tm4c123.o(.text)
    SSI3_Handler                             0x0000045d   Thumb Code     2  startup_tm4c123.o(.text)
    UART3_Handler                            0x0000045f   Thumb Code     2  startup_tm4c123.o(.text)
    UART4_Handler                            0x00000461   Thumb Code     2  startup_tm4c123.o(.text)
    UART5_Handler                            0x00000463   Thumb Code     2  startup_tm4c123.o(.text)
    UART6_Handler                            0x00000465   Thumb Code     2  startup_tm4c123.o(.text)
    UART7_Handler                            0x00000467   Thumb Code     2  startup_tm4c123.o(.text)
    I2C2_Handler                             0x00000469   Thumb Code     2  startup_tm4c123.o(.text)
    I2C3_Handler                             0x0000046b   Thumb Code     2  startup_tm4c123.o(.text)
    TIMER4A_Handler                          0x0000046d   Thumb Code     2  startup_tm4c123.o(.text)
    TIMER4B_Handler                          0x0000046f   Thumb Code     2  startup_tm4c123.o(.text)
    TIMER5A_Handler                          0x00000471   Thumb Code     2  startup_tm4c123.o(.text)
    TIMER5B_Handler                          0x00000473   Thumb Code     2  startup_tm4c123.o(.text)
    WTIMER0A_Handler                         0x00000475   Thumb Code     2  startup_tm4c123.o(.text)
    WTIMER0B_Handler                         0x00000477   Thumb Code     2  startup_tm4c123.o(.text)
    WTIMER1A_Handler                         0x00000479   Thumb Code     2  startup_tm4c123.o(.text)
    WTIMER1B_Handler                         0x0000047b   Thumb Code     2  startup_tm4c123.o(.text)
    WTIMER2A_Handler                         0x0000047d   Thumb Code     2  startup_tm4c123.o(.text)
    WTIMER2B_Handler                         0x0000047f   Thumb Code     2  startup_tm4c123.o(.text)
    WTIMER3A_Handler                         0x00000481   Thumb Code     2  startup_tm4c123.o(.text)
    WTIMER3B_Handler                         0x00000483   Thumb Code     2  startup_tm4c123.o(.text)
    WTIMER4A_Handler                         0x00000485   Thumb Code     2  startup_tm4c123.o(.text)
    WTIMER4B_Handler                         0x00000487   Thumb Code     2  startup_tm4c123.o(.text)
    WTIMER5A_Handler                         0x00000489   Thumb Code     2  startup_tm4c123.o(.text)
    WTIMER5B_Handler                         0x0000048b   Thumb Code     2  startup_tm4c123.o(.text)
    FPU_Handler                              0x0000048d   Thumb Code     2  startup_tm4c123.o(.text)
    I2C4_Handler                             0x0000048f   Thumb Code     2  startup_tm4c123.o(.text)
    I2C5_Handler                             0x00000491   Thumb Code     2  startup_tm4c123.o(.text)
    GPIOM_Handler                            0x00000493   Thumb Code     2  startup_tm4c123.o(.text)
    GPION_Handler                            0x00000495   Thumb Code     2  startup_tm4c123.o(.text)
    QEI2_Handler                             0x00000497   Thumb Code     2  startup_tm4c123.o(.text)
    GPIOP0_Handler                           0x00000499   Thumb Code     2  startup_tm4c123.o(.text)
    GPIOP1_Handler                           0x0000049b   Thumb Code     2  startup_tm4c123.o(.text)
    GPIOP2_Handler                           0x0000049d   Thumb Code     2  startup_tm4c123.o(.text)
    GPIOP3_Handler                           0x0000049f   Thumb Code     2  startup_tm4c123.o(.text)
    GPIOP4_Handler                           0x000004a1   Thumb Code     2  startup_tm4c123.o(.text)
    GPIOP5_Handler                           0x000004a3   Thumb Code     2  startup_tm4c123.o(.text)
    GPIOP6_Handler                           0x000004a5   Thumb Code     2  startup_tm4c123.o(.text)
    GPIOP7_Handler                           0x000004a7   Thumb Code     2  startup_tm4c123.o(.text)
    GPIOQ0_Handler                           0x000004a9   Thumb Code     2  startup_tm4c123.o(.text)
    GPIOQ1_Handler                           0x000004ab   Thumb Code     2  startup_tm4c123.o(.text)
    GPIOQ2_Handler                           0x000004ad   Thumb Code     2  startup_tm4c123.o(.text)
    GPIOQ3_Handler                           0x000004af   Thumb Code     2  startup_tm4c123.o(.text)
    GPIOQ4_Handler                           0x000004b1   Thumb Code     2  startup_tm4c123.o(.text)
    GPIOQ5_Handler                           0x000004b3   Thumb Code     2  startup_tm4c123.o(.text)
    GPIOQ6_Handler                           0x000004b5   Thumb Code     2  startup_tm4c123.o(.text)
    GPIOQ7_Handler                           0x000004b7   Thumb Code     2  startup_tm4c123.o(.text)
    GPIOR_Handler                            0x000004b9   Thumb Code     2  startup_tm4c123.o(.text)
    GPIOS_Handler                            0x000004bb   Thumb Code     2  startup_tm4c123.o(.text)
    PMW1_0_Handler                           0x000004bd   Thumb Code     2  startup_tm4c123.o(.text)
    PWM1_1_Handler                           0x000004bf   Thumb Code     2  startup_tm4c123.o(.text)
    PWM1_2_Handler                           0x000004c1   Thumb Code     2  startup_tm4c123.o(.text)
    PWM1_3_Handler                           0x000004c3   Thumb Code     2  startup_tm4c123.o(.text)
    PWM1_FAULT_Handler                       0x000004c5   Thumb Code     2  startup_tm4c123.o(.text)
    __user_initial_stackheap                 0x000004c9   Thumb Code     0  startup_tm4c123.o(.text)
    __2sprintf                               0x000004e9   Thumb Code    34  noretval__2sprintf.o(.text)
    __printf                                 0x00000511   Thumb Code   104  __printf.o(.text)
    _printf_int_dec                          0x00000579   Thumb Code   104  _printf_dec.o(.text)
    __aeabi_memcpy                           0x000005f1   Thumb Code     0  rt_memcpy_v6.o(.text)
    __rt_memcpy                              0x000005f1   Thumb Code   138  rt_memcpy_v6.o(.text)
    _memcpy_lastbytes                        0x00000657   Thumb Code     0  rt_memcpy_v6.o(.text)
    __use_two_region_memory                  0x0000067b   Thumb Code     2  heapauxi.o(.text)
    __rt_heap_escrow$2region                 0x0000067d   Thumb Code     2  heapauxi.o(.text)
    __rt_heap_expand$2region                 0x0000067f   Thumb Code     2  heapauxi.o(.text)
    _printf_int_common                       0x00000681   Thumb Code   178  _printf_intcommon.o(.text)
    _printf_char_common                      0x0000073f   Thumb Code    32  _printf_char_common.o(.text)
    _sputc                                   0x00000765   Thumb Code    10  _sputc.o(.text)
    __aeabi_memcpy4                          0x0000076f   Thumb Code     0  rt_memcpy_w.o(.text)
    __aeabi_memcpy8                          0x0000076f   Thumb Code     0  rt_memcpy_w.o(.text)
    __rt_memcpy_w                            0x0000076f   Thumb Code   100  rt_memcpy_w.o(.text)
    _memcpy_lastbytes_aligned                0x000007b7   Thumb Code     0  rt_memcpy_w.o(.text)
    __user_setup_stackheap                   0x000007d3   Thumb Code    74  sys_stackheap_outer.o(.text)
    exit                                     0x0000081d   Thumb Code    18  exit.o(.text)
    __user_libspace                          0x00000831   Thumb Code     8  libspace.o(.text)
    __user_perproc_libspace                  0x00000831   Thumb Code     0  libspace.o(.text)
    __user_perthread_libspace                0x00000831   Thumb Code     0  libspace.o(.text)
    _sys_exit                                0x00000839   Thumb Code     8  sys_exit.o(.text)
    __I$use$semihosting                      0x00000845   Thumb Code     0  use_no_semi.o(.text)
    __use_no_semihosting_swi                 0x00000845   Thumb Code     2  use_no_semi.o(.text)
    __semihosting_library_function           0x00000847   Thumb Code     0  indicate_semi.o(.text)
    ADC0_Init                                0x00000849   Thumb Code   148  adc.o(i.ADC0_Init)
    ADC0_SS3_In                              0x000008ed   Thumb Code    36  adc.o(i.ADC0_SS3_In)
    DIO_WritePort                            0x00000915   Thumb Code   204  dio.o(i.DIO_WritePort)
    DIO_WritePort1                           0x00000a0d   Thumb Code     8  dio.o(i.DIO_WritePort1)
    LCD_clearScreen                          0x00000a15   Thumb Code    10  lcd_clearscreen.o(i.LCD_clearScreen)
    LCD_displayCharacter                     0x00000a21   Thumb Code    82  lcd_displaycharacter.o(i.LCD_displayCharacter)
    LCD_displayString                        0x00000a79   Thumb Code    26  lcd_displaystring.o(i.LCD_displayString)
    LCD_displayStringRowColumn               0x00000a93   Thumb Code    24  lcd_displaystringrowcolumn.o(i.LCD_displayStringRowColumn)
    LCD_goToRowColumn                        0x00000aab   Thumb Code    62  lcd_gotorowcolumn.o(i.LCD_goToRowColumn)
    LCD_init                                 0x00000ae9   Thumb Code   100  lcd_init.o(i.LCD_init)
    LCD_sendCommand                          0x00000b4d   Thumb Code    70  lcd_sendcommand.o(i.LCD_sendCommand)
    PLL_Init                                 0x00000b99   Thumb Code   120  pll.o(i.PLL_Init)
    PortA_Init                               0x00000c15   Thumb Code    64  port_init.o(i.PortA_Init)
    PortB_Init                               0x00000c61   Thumb Code    72  port_init.o(i.PortB_Init)
    PortC_Init                               0x00000cb5   Thumb Code    64  port_init.o(i.PortC_Init)
    PortD_Init                               0x00000d01   Thumb Code    72  port_init.o(i.PortD_Init)
    PortE_Init                               0x00000d55   Thumb Code    64  port_init.o(i.PortE_Init)
    PortF_Init                               0x00000da1   Thumb Code    72  port_init.o(i.PortF_Init)
    Port_Init                                0x00000df5   Thumb Code    78  port_init.o(i.Port_Init)
    Port_SetPinDirection                     0x00000e49   Thumb Code   200  port_setpindirection.o(i.Port_SetPinDirection)
    Port_SetPinPullUp                        0x00000f29   Thumb Code   200  port_setpinpullup.o(i.Port_SetPinPullUp)
    RGBLED_Init                              0x00001009   Thumb Code   150  main.o(i.RGBLED_Init)
    ReceiveTemp                              0x000010b5   Thumb Code   100  main.o(i.ReceiveTemp)
    SysTick_Handler                          0x00001121   Thumb Code    48  port.o(i.SysTick_Handler)
    SystemInit                               0x00001155   Thumb Code    14  system_tm4c123.o(i.SystemInit)
    UART0_Available                          0x00001169   Thumb Code    20  uart.o(i.UART0_Available)
    UART0_Init                               0x00001181   Thumb Code   152  uart.o(i.UART0_Init)
    UART0_Read                               0x0000122d   Thumb Code    20  uart.o(i.UART0_Read)
    UART0_Write                              0x00001245   Thumb Code    36  uart.o(i.UART0_Write)
    delay                                    0x0000126d   Thumb Code    20  delay.o(i.delay)
    intToString                              0x00001281   Thumb Code    18  main.o(i.intToString)
    main                                     0x00001299   Thumb Code   150  main.o(i.main)
    pvPortMalloc                             0x00001d61   Thumb Code   302  heap_4.o(i.pvPortMalloc)
    pxPortInitialiseStack                    0x00001ea5   Thumb Code    38  port.o(i.pxPortInitialiseStack)
    sendBut1Reading                          0x00001ed1   Thumb Code    76  main.o(i.sendBut1Reading)
    sendBut2Reading                          0x00001f29   Thumb Code    76  main.o(i.sendBut2Reading)
    sendPotReading                           0x00001f81   Thumb Code    80  main.o(i.sendPotReading)
    systick_init                             0x00001fd9   Thumb Code    38  systick_init.o(i.systick_init)
    systick_wait1ms                          0x00002001   Thumb Code    32  systick_wait1ms.o(i.systick_wait1ms)
    toString                                 0x00002025   Thumb Code    60  main.o(i.toString)
    uxListRemove                             0x00002061   Thumb Code    40  list.o(i.uxListRemove)
    vListInitialise                          0x00002089   Thumb Code    26  list.o(i.vListInitialise)
    vListInitialiseItem                      0x000020a3   Thumb Code     6  list.o(i.vListInitialiseItem)
    vListInsert                              0x000020a9   Thumb Code    52  list.o(i.vListInsert)
    vListInsertEnd                           0x000020dd   Thumb Code    24  list.o(i.vListInsertEnd)
    vPortEnterCritical                       0x000020f5   Thumb Code    80  port.o(i.vPortEnterCritical)
    vPortExitCritical                        0x0000214d   Thumb Code    58  port.o(i.vPortExitCritical)
    vPortFree                                0x0000218d   Thumb Code   144  heap_4.o(i.vPortFree)
    vPortSetupTimerInterrupt                 0x00002225   Thumb Code    20  port.o(i.vPortSetupTimerInterrupt)
    vPortValidateInterruptPriority           0x0000223d   Thumb Code   110  port.o(i.vPortValidateInterruptPriority)
    vQueueWaitForMessageRestricted           0x000022b9   Thumb Code    74  queue.o(i.vQueueWaitForMessageRestricted)
    vTaskDelayUntil                          0x00002305   Thumb Code   206  tasks.o(i.vTaskDelayUntil)
    vTaskInternalSetTimeOutState             0x000023e1   Thumb Code    14  tasks.o(i.vTaskInternalSetTimeOutState)
    vTaskMissedYield                         0x000023f9   Thumb Code     8  tasks.o(i.vTaskMissedYield)
    vTaskPlaceOnEventList                    0x00002405   Thumb Code    54  tasks.o(i.vTaskPlaceOnEventList)
    vTaskPlaceOnEventListRestricted          0x00002441   Thumb Code    62  tasks.o(i.vTaskPlaceOnEventListRestricted)
    vTaskStartScheduler                      0x00002485   Thumb Code   122  tasks.o(i.vTaskStartScheduler)
    vTaskSuspendAll                          0x0000251d   Thumb Code    12  tasks.o(i.vTaskSuspendAll)
    vTaskSwitchContext                       0x0000252d   Thumb Code   120  tasks.o(i.vTaskSwitchContext)
    xPortStartScheduler                      0x000025b9   Thumb Code   382  port.o(i.xPortStartScheduler)
    xQueueGenericCreate                      0x00002755   Thumb Code    90  queue.o(i.xQueueGenericCreate)
    xQueueGenericReset                       0x000027b1   Thumb Code   148  queue.o(i.xQueueGenericReset)
    xQueueGenericSend                        0x00002849   Thumb Code   460  queue.o(i.xQueueGenericSend)
    xQueueGenericSendFromISR                 0x00002a19   Thumb Code   272  queue.o(i.xQueueGenericSendFromISR)
    xQueueReceive                            0x00002b29   Thumb Code   362  queue.o(i.xQueueReceive)
    xTaskCheckForTimeOut                     0x00002c99   Thumb Code   136  tasks.o(i.xTaskCheckForTimeOut)
    xTaskCreate                              0x00002d29   Thumb Code    96  tasks.o(i.xTaskCreate)
    xTaskGetSchedulerState                   0x00002d89   Thumb Code    24  tasks.o(i.xTaskGetSchedulerState)
    xTaskGetTickCount                        0x00002da9   Thumb Code     6  tasks.o(i.xTaskGetTickCount)
    xTaskIncrementTick                       0x00002db5   Thumb Code   284  tasks.o(i.xTaskIncrementTick)
    xTaskPriorityDisinherit                  0x00002efd   Thumb Code   192  tasks.o(i.xTaskPriorityDisinherit)
    xTaskRemoveFromEventList                 0x00002fc9   Thumb Code   130  tasks.o(i.xTaskRemoveFromEventList)
    xTaskResumeAll                           0x00003065   Thumb Code   226  tasks.o(i.xTaskResumeAll)
    xTimerCreateTimerTask                    0x0000316d   Thumb Code    68  timers.o(i.xTimerCreateTimerTask)
    xTimerGenericCommand                     0x000031c5   Thumb Code   128  timers.o(i.xTimerGenericCommand)
    _fp_init                                 0x00003249   Thumb Code    10  fpinit.o(x$fpl$fpinit)
    __fplib_config_fpu_vfp                   0x00003251   Thumb Code     0  fpinit.o(x$fpl$fpinit)
    __fplib_config_pureend_doubles           0x00003251   Thumb Code     0  fpinit.o(x$fpl$fpinit)
    Region$$Table$$Base                      0x00003254   Number         0  anon$$obj.o(Region$$Table)
    Region$$Table$$Limit                     0x00003274   Number         0  anon$$obj.o(Region$$Table)
    pxCurrentTCB                             0x20000024   Data           4  tasks.o(.data)
    __libspace_start                         0x20007694   Data          96  libspace.o(.bss)
    __temporary_stack_top$libspace           0x200076f4   Data           0  libspace.o(.bss)



==============================================================================

Memory Map of the image

  Image Entry point : 0x000003d5

  Load Region LR_1 (Base: 0x00000000, Size: 0x000032e8, Max: 0xffffffff, ABSOLUTE)

    Execution Region ER_RO (Exec base: 0x00000000, Load base: 0x00000000, Size: 0x00003274, Max: 0xffffffff, ABSOLUTE)

    Exec Addr    Load Addr    Size         Type   Attr      Idx    E Section Name        Object

    0x00000000   0x00000000   0x0000026c   Data   RO          495    RESET               startup_tm4c123.o
    0x0000026c   0x0000026c   0x00000008   Code   RO         1553  * !!!main             c_w.l(__main.o)
    0x00000274   0x00000274   0x00000034   Code   RO         1721    !!!scatter          c_w.l(__scatter.o)
    0x000002a8   0x000002a8   0x0000001a   Code   RO         1723    !!handler_copy      c_w.l(__scatter_copy.o)
    0x000002c2   0x000002c2   0x00000002   PAD
    0x000002c4   0x000002c4   0x0000001c   Code   RO         1725    !!handler_zi        c_w.l(__scatter_zi.o)
    0x000002e0   0x000002e0   0x00000000   Code   RO         1548    .ARM.Collect$$_printf_percent$$00000000  c_w.l(_printf_percent.o)
    0x000002e0   0x000002e0   0x00000006   Code   RO         1547    .ARM.Collect$$_printf_percent$$00000009  c_w.l(_printf_d.o)
    0x000002e6   0x000002e6   0x00000004   Code   RO         1562    .ARM.Collect$$_printf_percent$$00000017  c_w.l(_printf_percent_end.o)
    0x000002ea   0x000002ea   0x00000002   Code   RO         1591    .ARM.Collect$$libinit$$00000000  c_w.l(libinit.o)
    0x000002ec   0x000002ec   0x00000004   Code   RO         1597    .ARM.Collect$$libinit$$00000001  c_w.l(libinit2.o)
    0x000002f0   0x000002f0   0x00000000   Code   RO         1600    .ARM.Collect$$libinit$$00000004  c_w.l(libinit2.o)
    0x000002f0   0x000002f0   0x00000000   Code   RO         1603    .ARM.Collect$$libinit$$0000000A  c_w.l(libinit2.o)
    0x000002f0   0x000002f0   0x00000000   Code   RO         1605    .ARM.Collect$$libinit$$0000000C  c_w.l(libinit2.o)
    0x000002f0   0x000002f0   0x00000000   Code   RO         1607    .ARM.Collect$$libinit$$0000000E  c_w.l(libinit2.o)
    0x000002f0   0x000002f0   0x00000000   Code   RO         1610    .ARM.Collect$$libinit$$00000011  c_w.l(libinit2.o)
    0x000002f0   0x000002f0   0x00000000   Code   RO         1612    .ARM.Collect$$libinit$$00000013  c_w.l(libinit2.o)
    0x000002f0   0x000002f0   0x00000000   Code   RO         1614    .ARM.Collect$$libinit$$00000015  c_w.l(libinit2.o)
    0x000002f0   0x000002f0   0x00000000   Code   RO         1616    .ARM.Collect$$libinit$$00000017  c_w.l(libinit2.o)
    0x000002f0   0x000002f0   0x00000000   Code   RO         1618    .ARM.Collect$$libinit$$00000019  c_w.l(libinit2.o)
    0x000002f0   0x000002f0   0x00000000   Code   RO         1620    .ARM.Collect$$libinit$$0000001B  c_w.l(libinit2.o)
    0x000002f0   0x000002f0   0x00000000   Code   RO         1622    .ARM.Collect$$libinit$$0000001D  c_w.l(libinit2.o)
    0x000002f0   0x000002f0   0x00000000   Code   RO         1624    .ARM.Collect$$libinit$$0000001F  c_w.l(libinit2.o)
    0x000002f0   0x000002f0   0x00000000   Code   RO         1626    .ARM.Collect$$libinit$$00000021  c_w.l(libinit2.o)
    0x000002f0   0x000002f0   0x00000000   Code   RO         1628    .ARM.Collect$$libinit$$00000023  c_w.l(libinit2.o)
    0x000002f0   0x000002f0   0x00000000   Code   RO         1630    .ARM.Collect$$libinit$$00000025  c_w.l(libinit2.o)
    0x000002f0   0x000002f0   0x00000000   Code   RO         1634    .ARM.Collect$$libinit$$0000002C  c_w.l(libinit2.o)
    0x000002f0   0x000002f0   0x00000000   Code   RO         1636    .ARM.Collect$$libinit$$0000002E  c_w.l(libinit2.o)
    0x000002f0   0x000002f0   0x00000000   Code   RO         1638    .ARM.Collect$$libinit$$00000030  c_w.l(libinit2.o)
    0x000002f0   0x000002f0   0x00000000   Code   RO         1640    .ARM.Collect$$libinit$$00000032  c_w.l(libinit2.o)
    0x000002f0   0x000002f0   0x00000002   Code   RO         1641    .ARM.Collect$$libinit$$00000033  c_w.l(libinit2.o)
    0x000002f2   0x000002f2   0x00000002   Code   RO         1661    .ARM.Collect$$libshutdown$$00000000  c_w.l(libshutdown.o)
    0x000002f4   0x000002f4   0x00000000   Code   RO         1674    .ARM.Collect$$libshutdown$$00000002  c_w.l(libshutdown2.o)
    0x000002f4   0x000002f4   0x00000000   Code   RO         1676    .ARM.Collect$$libshutdown$$00000004  c_w.l(libshutdown2.o)
    0x000002f4   0x000002f4   0x00000000   Code   RO         1679    .ARM.Collect$$libshutdown$$00000007  c_w.l(libshutdown2.o)
    0x000002f4   0x000002f4   0x00000000   Code   RO         1682    .ARM.Collect$$libshutdown$$0000000A  c_w.l(libshutdown2.o)
    0x000002f4   0x000002f4   0x00000000   Code   RO         1684    .ARM.Collect$$libshutdown$$0000000C  c_w.l(libshutdown2.o)
    0x000002f4   0x000002f4   0x00000000   Code   RO         1687    .ARM.Collect$$libshutdown$$0000000F  c_w.l(libshutdown2.o)
    0x000002f4   0x000002f4   0x00000002   Code   RO         1688    .ARM.Collect$$libshutdown$$00000010  c_w.l(libshutdown2.o)
    0x000002f6   0x000002f6   0x00000000   Code   RO         1555    .ARM.Collect$$rtentry$$00000000  c_w.l(__rtentry.o)
    0x000002f6   0x000002f6   0x00000000   Code   RO         1566    .ARM.Collect$$rtentry$$00000002  c_w.l(__rtentry2.o)
    0x000002f6   0x000002f6   0x00000006   Code   RO         1578    .ARM.Collect$$rtentry$$00000004  c_w.l(__rtentry4.o)
    0x000002fc   0x000002fc   0x00000000   Code   RO         1568    .ARM.Collect$$rtentry$$00000009  c_w.l(__rtentry2.o)
    0x000002fc   0x000002fc   0x00000004   Code   RO         1569    .ARM.Collect$$rtentry$$0000000A  c_w.l(__rtentry2.o)
    0x00000300   0x00000300   0x00000000   Code   RO         1571    .ARM.Collect$$rtentry$$0000000C  c_w.l(__rtentry2.o)
    0x00000300   0x00000300   0x00000008   Code   RO         1572    .ARM.Collect$$rtentry$$0000000D  c_w.l(__rtentry2.o)
    0x00000308   0x00000308   0x00000002   Code   RO         1595    .ARM.Collect$$rtexit$$00000000  c_w.l(rtexit.o)
    0x0000030a   0x0000030a   0x00000000   Code   RO         1643    .ARM.Collect$$rtexit$$00000002  c_w.l(rtexit2.o)
    0x0000030a   0x0000030a   0x00000004   Code   RO         1644    .ARM.Collect$$rtexit$$00000003  c_w.l(rtexit2.o)
    0x0000030e   0x0000030e   0x00000006   Code   RO         1645    .ARM.Collect$$rtexit$$00000004  c_w.l(rtexit2.o)
    0x00000314   0x00000314   0x000000be   Code   RO          732    .emb_text           port.o
    0x000003d2   0x000003d2   0x00000002   PAD
    0x000003d4   0x000003d4   0x00000114   Code   RO          496  * .text               startup_tm4c123.o
    0x000004e8   0x000004e8   0x00000028   Code   RO         1521    .text               c_w.l(noretval__2sprintf.o)
    0x00000510   0x00000510   0x00000068   Code   RO         1523    .text               c_w.l(__printf.o)
    0x00000578   0x00000578   0x00000078   Code   RO         1525    .text               c_w.l(_printf_dec.o)
    0x000005f0   0x000005f0   0x0000008a   Code   RO         1549    .text               c_w.l(rt_memcpy_v6.o)
    0x0000067a   0x0000067a   0x00000006   Code   RO         1551    .text               c_w.l(heapauxi.o)
    0x00000680   0x00000680   0x000000b2   Code   RO         1556    .text               c_w.l(_printf_intcommon.o)
    0x00000732   0x00000732   0x00000002   PAD
    0x00000734   0x00000734   0x00000030   Code   RO         1558    .text               c_w.l(_printf_char_common.o)
    0x00000764   0x00000764   0x0000000a   Code   RO         1560    .text               c_w.l(_sputc.o)
    0x0000076e   0x0000076e   0x00000064   Code   RO         1563    .text               c_w.l(rt_memcpy_w.o)
    0x000007d2   0x000007d2   0x0000004a   Code   RO         1582    .text               c_w.l(sys_stackheap_outer.o)
    0x0000081c   0x0000081c   0x00000012   Code   RO         1584    .text               c_w.l(exit.o)
    0x0000082e   0x0000082e   0x00000002   PAD
    0x00000830   0x00000830   0x00000008   Code   RO         1592    .text               c_w.l(libspace.o)
    0x00000838   0x00000838   0x0000000c   Code   RO         1653    .text               c_w.l(sys_exit.o)
    0x00000844   0x00000844   0x00000002   Code   RO         1664    .text               c_w.l(use_no_semi.o)
    0x00000846   0x00000846   0x00000000   Code   RO         1666    .text               c_w.l(indicate_semi.o)
    0x00000846   0x00000846   0x00000002   PAD
    0x00000848   0x00000848   0x000000a4   Code   RO          175    i.ADC0_Init         adc.o
    0x000008ec   0x000008ec   0x00000028   Code   RO          176    i.ADC0_SS3_In       adc.o
    0x00000914   0x00000914   0x000000f8   Code   RO          273    i.DIO_WritePort     dio.o
    0x00000a0c   0x00000a0c   0x00000008   Code   RO          274    i.DIO_WritePort1    dio.o
    0x00000a14   0x00000a14   0x0000000a   Code   RO          313    i.LCD_clearScreen   lcd_clearscreen.o
    0x00000a1e   0x00000a1e   0x00000002   PAD
    0x00000a20   0x00000a20   0x00000058   Code   RO          325    i.LCD_displayCharacter  lcd_displaycharacter.o
    0x00000a78   0x00000a78   0x0000001a   Code   RO          337    i.LCD_displayString  lcd_displaystring.o
    0x00000a92   0x00000a92   0x00000018   Code   RO          349    i.LCD_displayStringRowColumn  lcd_displaystringrowcolumn.o
    0x00000aaa   0x00000aaa   0x0000003e   Code   RO          361    i.LCD_goToRowColumn  lcd_gotorowcolumn.o
    0x00000ae8   0x00000ae8   0x00000064   Code   RO          373    i.LCD_init          lcd_init.o
    0x00000b4c   0x00000b4c   0x0000004c   Code   RO          397    i.LCD_sendCommand   lcd_sendcommand.o
    0x00000b98   0x00000b98   0x0000007c   Code   RO          205    i.PLL_Init          pll.o
    0x00000c14   0x00000c14   0x0000004c   Code   RO          409    i.PortA_Init        port_init.o
    0x00000c60   0x00000c60   0x00000054   Code   RO          410    i.PortB_Init        port_init.o
    0x00000cb4   0x00000cb4   0x0000004c   Code   RO          411    i.PortC_Init        port_init.o
    0x00000d00   0x00000d00   0x00000054   Code   RO          412    i.PortD_Init        port_init.o
    0x00000d54   0x00000d54   0x0000004c   Code   RO          413    i.PortE_Init        port_init.o
    0x00000da0   0x00000da0   0x00000054   Code   RO          414    i.PortF_Init        port_init.o
    0x00000df4   0x00000df4   0x00000054   Code   RO          415    i.Port_Init         port_init.o
    0x00000e48   0x00000e48   0x000000e0   Code   RO          457    i.Port_SetPinDirection  port_setpindirection.o
    0x00000f28   0x00000f28   0x000000e0   Code   RO          481    i.Port_SetPinPullUp  port_setpinpullup.o
    0x00001008   0x00001008   0x000000ac   Code   RO            4    i.RGBLED_Init       main.o
    0x000010b4   0x000010b4   0x0000006c   Code   RO            5    i.ReceiveTemp       main.o
    0x00001120   0x00001120   0x00000034   Code   RO          733    i.SysTick_Handler   port.o
    0x00001154   0x00001154   0x00000014   Code   RO          504    i.SystemInit        system_tm4c123.o
    0x00001168   0x00001168   0x00000018   Code   RO          241    i.UART0_Available   uart.o
    0x00001180   0x00001180   0x000000ac   Code   RO          242    i.UART0_Init        uart.o
    0x0000122c   0x0000122c   0x00000018   Code   RO          243    i.UART0_Read        uart.o
    0x00001244   0x00001244   0x00000028   Code   RO          244    i.UART0_Write       uart.o
    0x0000126c   0x0000126c   0x00000014   Code   RO          193    i.delay             delay.o
    0x00001280   0x00001280   0x00000018   Code   RO            7    i.intToString       main.o
    0x00001298   0x00001298   0x000000d8   Code   RO            8    i.main              main.o
    0x00001370   0x00001370   0x00000098   Code   RO         1063    i.prvAddCurrentTaskToDelayedList  tasks.o
    0x00001408   0x00001408   0x000000b4   Code   RO         1064    i.prvAddNewTaskToReadyList  tasks.o
    0x000014bc   0x000014bc   0x0000004c   Code   RO         1390    i.prvCheckForValidListAndQueue  timers.o
    0x00001508   0x00001508   0x00000048   Code   RO         1065    i.prvCheckTasksWaitingTermination  tasks.o
    0x00001550   0x00001550   0x0000002a   Code   RO          830    i.prvCopyDataFromQueue  queue.o
    0x0000157a   0x0000157a   0x0000007c   Code   RO          831    i.prvCopyDataToQueue  queue.o
    0x000015f6   0x000015f6   0x00000012   Code   RO         1066    i.prvDeleteTCB      tasks.o
    0x00001608   0x00001608   0x00000028   Code   RO         1391    i.prvGetNextExpireTime  timers.o
    0x00001630   0x00001630   0x0000007c   Code   RO          659    i.prvHeapInit       heap_4.o
    0x000016ac   0x000016ac   0x00000028   Code   RO         1067    i.prvIdleTask       tasks.o
    0x000016d4   0x000016d4   0x0000002a   Code   RO          834    i.prvInitialiseNewQueue  queue.o
    0x000016fe   0x000016fe   0x000000ac   Code   RO         1068    i.prvInitialiseNewTask  tasks.o
    0x000017aa   0x000017aa   0x00000002   PAD
    0x000017ac   0x000017ac   0x00000068   Code   RO         1069    i.prvInitialiseTaskLists  tasks.o
    0x00001814   0x00001814   0x00000068   Code   RO          660    i.prvInsertBlockIntoFreeList  heap_4.o
    0x0000187c   0x0000187c   0x00000058   Code   RO         1393    i.prvInsertTimerInActiveList  timers.o
    0x000018d4   0x000018d4   0x0000001a   Code   RO          835    i.prvIsQueueEmpty   queue.o
    0x000018ee   0x000018ee   0x0000001e   Code   RO          836    i.prvIsQueueFull    queue.o
    0x0000190c   0x0000190c   0x00000094   Code   RO          837    i.prvNotifyQueueSetContainer  queue.o
    0x000019a0   0x000019a0   0x00000064   Code   RO         1394    i.prvProcessExpiredTimer  timers.o
    0x00001a04   0x00001a04   0x000000f8   Code   RO         1395    i.prvProcessReceivedCommands  timers.o
    0x00001afc   0x00001afc   0x00000074   Code   RO         1396    i.prvProcessTimerOrBlockTask  timers.o
    0x00001b70   0x00001b70   0x00000034   Code   RO         1070    i.prvResetNextTaskUnblockTime  tasks.o
    0x00001ba4   0x00001ba4   0x0000002c   Code   RO         1397    i.prvSampleTimeNow  timers.o
    0x00001bd0   0x00001bd0   0x000000a0   Code   RO         1398    i.prvSwitchTimerLists  timers.o
    0x00001c70   0x00001c70   0x00000044   Code   RO          734    i.prvTaskExitError  port.o
    0x00001cb4   0x00001cb4   0x0000001a   Code   RO         1399    i.prvTimerTask      timers.o
    0x00001cce   0x00001cce   0x00000092   Code   RO          838    i.prvUnlockQueue    queue.o
    0x00001d60   0x00001d60   0x00000144   Code   RO          661    i.pvPortMalloc      heap_4.o
    0x00001ea4   0x00001ea4   0x0000002c   Code   RO          735    i.pxPortInitialiseStack  port.o
    0x00001ed0   0x00001ed0   0x00000058   Code   RO            9    i.sendBut1Reading   main.o
    0x00001f28   0x00001f28   0x00000058   Code   RO           10    i.sendBut2Reading   main.o
    0x00001f80   0x00001f80   0x00000058   Code   RO           11    i.sendPotReading    main.o
    0x00001fd8   0x00001fd8   0x00000026   Code   RO          217    i.systick_init      systick_init.o
    0x00001ffe   0x00001ffe   0x00000002   PAD
    0x00002000   0x00002000   0x00000024   Code   RO          229    i.systick_wait1ms   systick_wait1ms.o
    0x00002024   0x00002024   0x0000003c   Code   RO           12    i.toString          main.o
    0x00002060   0x00002060   0x00000028   Code   RO          596    i.uxListRemove      list.o
    0x00002088   0x00002088   0x0000001a   Code   RO          597    i.vListInitialise   list.o
    0x000020a2   0x000020a2   0x00000006   Code   RO          598    i.vListInitialiseItem  list.o
    0x000020a8   0x000020a8   0x00000034   Code   RO          599    i.vListInsert       list.o
    0x000020dc   0x000020dc   0x00000018   Code   RO          600    i.vListInsertEnd    list.o
    0x000020f4   0x000020f4   0x00000058   Code   RO          737    i.vPortEnterCritical  port.o
    0x0000214c   0x0000214c   0x00000040   Code   RO          738    i.vPortExitCritical  port.o
    0x0000218c   0x0000218c   0x00000098   Code   RO          662    i.vPortFree         heap_4.o
    0x00002224   0x00002224   0x00000018   Code   RO          739    i.vPortSetupTimerInterrupt  port.o
    0x0000223c   0x0000223c   0x0000007c   Code   RO          740    i.vPortValidateInterruptPriority  port.o
    0x000022b8   0x000022b8   0x0000004a   Code   RO          843    i.vQueueWaitForMessageRestricted  queue.o
    0x00002302   0x00002302   0x00000002   PAD
    0x00002304   0x00002304   0x000000dc   Code   RO         1079    i.vTaskDelayUntil   tasks.o
    0x000023e0   0x000023e0   0x00000018   Code   RO         1082    i.vTaskInternalSetTimeOutState  tasks.o
    0x000023f8   0x000023f8   0x0000000c   Code   RO         1083    i.vTaskMissedYield  tasks.o
    0x00002404   0x00002404   0x0000003c   Code   RO         1085    i.vTaskPlaceOnEventList  tasks.o
    0x00002440   0x00002440   0x00000044   Code   RO         1086    i.vTaskPlaceOnEventListRestricted  tasks.o
    0x00002484   0x00002484   0x00000098   Code   RO         1093    i.vTaskStartScheduler  tasks.o
    0x0000251c   0x0000251c   0x00000010   Code   RO         1095    i.vTaskSuspendAll   tasks.o
    0x0000252c   0x0000252c   0x0000008c   Code   RO         1096    i.vTaskSwitchContext  tasks.o
    0x000025b8   0x000025b8   0x0000019c   Code   RO          741    i.xPortStartScheduler  port.o
    0x00002754   0x00002754   0x0000005a   Code   RO          848    i.xQueueGenericCreate  queue.o
    0x000027ae   0x000027ae   0x00000002   PAD
    0x000027b0   0x000027b0   0x00000098   Code   RO          849    i.xQueueGenericReset  queue.o
    0x00002848   0x00002848   0x000001d0   Code   RO          850    i.xQueueGenericSend  queue.o
    0x00002a18   0x00002a18   0x00000110   Code   RO          851    i.xQueueGenericSendFromISR  queue.o
    0x00002b28   0x00002b28   0x00000170   Code   RO          858    i.xQueueReceive     queue.o
    0x00002c98   0x00002c98   0x00000090   Code   RO         1097    i.xTaskCheckForTimeOut  tasks.o
    0x00002d28   0x00002d28   0x00000060   Code   RO         1098    i.xTaskCreate       tasks.o
    0x00002d88   0x00002d88   0x00000020   Code   RO         1102    i.xTaskGetSchedulerState  tasks.o
    0x00002da8   0x00002da8   0x0000000c   Code   RO         1103    i.xTaskGetTickCount  tasks.o
    0x00002db4   0x00002db4   0x00000148   Code   RO         1105    i.xTaskIncrementTick  tasks.o
    0x00002efc   0x00002efc   0x000000cc   Code   RO         1108    i.xTaskPriorityDisinherit  tasks.o
    0x00002fc8   0x00002fc8   0x0000009c   Code   RO         1110    i.xTaskRemoveFromEventList  tasks.o
    0x00003064   0x00003064   0x00000108   Code   RO         1111    i.xTaskResumeAll    tasks.o
    0x0000316c   0x0000316c   0x00000058   Code   RO         1403    i.xTimerCreateTimerTask  timers.o
    0x000031c4   0x000031c4   0x00000084   Code   RO         1404    i.xTimerGenericCommand  timers.o
    0x00003248   0x00003248   0x0000000a   Code   RO         1651    x$fpl$fpinit        fz_wm.l(fpinit.o)
    0x00003252   0x00003252   0x00000002   PAD
    0x00003254   0x00003254   0x00000020   Data   RO         1719    Region$$Table       anon$$obj.o


    Execution Region ER_RW (Exec base: 0x20000000, Load base: 0x00003274, Size: 0x00000074, Max: 0xffffffff, ABSOLUTE)

    Exec Addr    Load Addr    Size         Type   Attr      Idx    E Section Name        Object

    0x20000000   0x00003274   0x00000018   Data   RW          667    .data               heap_4.o
    0x20000018   0x0000328c   0x0000000c   Data   RW          742    .data               port.o
    0x20000024   0x00003298   0x0000003c   Data   RW         1114    .data               tasks.o
    0x20000060   0x000032d4   0x00000014   Data   RW         1410    .data               timers.o


    Execution Region ER_ZI (Exec base: 0x20000074, Load base: 0x000032e8, Size: 0x00007884, Max: 0xffffffff, ABSOLUTE)

    Exec Addr    Load Addr    Size         Type   Attr      Idx    E Section Name        Object

    0x20000074        -       0x00007530   Zero   RW          666    .bss                heap_4.o
    0x200075a4        -       0x000000c8   Zero   RW         1113    .bss                tasks.o
    0x2000766c        -       0x00000028   Zero   RW         1409    .bss                timers.o
    0x20007694        -       0x00000060   Zero   RW         1593    .bss                c_w.l(libspace.o)
    0x200076f4   0x000032e8   0x00000004   PAD
    0x200076f8        -       0x00000000   Zero   RW          494    HEAP                startup_tm4c123.o
    0x200076f8        -       0x00000200   Zero   RW          493    STACK               startup_tm4c123.o


==============================================================================

Image component sizes


      Code (inc. data)   RO Data    RW Data    ZI Data      Debug   Object Name

       204         20          0          0          0        902   adc.o
        20          0          0          0          0        500   delay.o
       256         50          0          0          0       1501   dio.o
         0          0          0          0          0       2432   freertos_evr.o
       704         64          0         24      30000      12647   heap_4.o
        10          0          0          0          0        462   lcd_clearscreen.o
        88          6          0          0          0        559   lcd_displaycharacter.o
        26          0          0          0          0        564   lcd_displaystring.o
        24          0          0          0          0        661   lcd_displaystringrowcolumn.o
        62          0          0          0          0        608   lcd_gotorowcolumn.o
       100          0          0          0          0        479   lcd_init.o
        76          6          0          0          0        534   lcd_sendcommand.o
       148          0          0          0          0       4890   list.o
       844        134          0          0          0      20697   main.o
       124          4          0          0          0        443   pll.o
      1066         92          0         12          0      11929   port.o
       564         84          0          0          0       3202   port_init.o
       224         30          0          0          0        747   port_setpindirection.o
       224         30          0          0          0        724   port_setpinpullup.o
      1978         14          0          0          0      21983   queue.o
       276         24        620          0        512       5436   startup_tm4c123.o
        20          6          0          0          0        473   system_tm4c123.o
        38          0          0          0          0        435   systick_init.o
        36          4          0          0          0        450   systick_wait1ms.o
      2718        358          0         60        200      22567   tasks.o
      1118        100          0         20         40       9923   timers.o
       260         32          0          0          0       1886   uart.o

    ----------------------------------------------------------------------
     11220       1058        652        116      30752     127634   Object Totals
         0          0         32          0          0          0   (incl. Generated)
        12          0          0          0          0          0   (incl. Padding)

    ----------------------------------------------------------------------

      Code (inc. data)   RO Data    RW Data    ZI Data      Debug   Library Member Name

         8          0          0          0          0         68   __main.o
       104          0          0          0          0         84   __printf.o
         0          0          0          0          0          0   __rtentry.o
        12          0          0          0          0          0   __rtentry2.o
         6          0          0          0          0          0   __rtentry4.o
        52          8          0          0          0          0   __scatter.o
        26          0          0          0          0          0   __scatter_copy.o
        28          0          0          0          0          0   __scatter_zi.o
        48          6          0          0          0         96   _printf_char_common.o
         6          0          0          0          0          0   _printf_d.o
       120         16          0          0          0         92   _printf_dec.o
       178          0          0          0          0         88   _printf_intcommon.o
         0          0          0          0          0          0   _printf_percent.o
         4          0          0          0          0          0   _printf_percent_end.o
        10          0          0          0          0         68   _sputc.o
        18          0          0          0          0         80   exit.o
         6          0          0          0          0        152   heapauxi.o
         0          0          0          0          0          0   indicate_semi.o
         2          0          0          0          0          0   libinit.o
         6          0          0          0          0          0   libinit2.o
         2          0          0          0          0          0   libshutdown.o
         2          0          0          0          0          0   libshutdown2.o
         8          4          0          0         96         68   libspace.o
        40          6          0          0          0         84   noretval__2sprintf.o
       138          0          0          0          0         68   rt_memcpy_v6.o
       100          0          0          0          0         80   rt_memcpy_w.o
         2          0          0          0          0          0   rtexit.o
        10          0          0          0          0          0   rtexit2.o
        12          4          0          0          0         68   sys_exit.o
        74          0          0          0          0         80   sys_stackheap_outer.o
         2          0          0          0          0         68   use_no_semi.o
        10          0          0          0          0        116   fpinit.o

    ----------------------------------------------------------------------
      1044         44          0          0        100       1360   Library Totals
        10          0          0          0          4          0   (incl. Padding)

    ----------------------------------------------------------------------

      Code (inc. data)   RO Data    RW Data    ZI Data      Debug   Library Name

      1024         44          0          0         96       1244   c_w.l
        10          0          0          0          0        116   fz_wm.l

    ----------------------------------------------------------------------
      1044         44          0          0        100       1360   Library Totals

    ----------------------------------------------------------------------

==============================================================================


      Code (inc. data)   RO Data    RW Data    ZI Data      Debug   

     12264       1102        652        116      30852     118722   Grand Totals
     12264       1102        652        116      30852     118722   ELF Image Totals
     12264       1102        652        116          0          0   ROM Totals

==============================================================================

    Total RO  Size (Code + RO Data)                12916 (  12.61kB)
    Total RW  Size (RW Data + ZI Data)             30968 (  30.24kB)
    Total ROM Size (Code + RO Data + RW Data)      13032 (  12.73kB)

==============================================================================

